<?xml version="1.0" encoding="ISO-8859-1" ?>
<link_info>
   <banner>TI ARM Linker PC v20.2.1.LTS</banner>
   <copyright>Copyright (c) 1996-2018 Texas Instruments Incorporated</copyright>
   <link_time>0x5fa70212</link_time>
   <link_errors>0x0</link_errors>
   <output_file>EEG_MSP_EXP432E401Y_nortos_ccs2.out</output_file>
   <entry_point>
      <name>_c_int00_noargs</name>
      <address>0x4491</address>
   </entry_point>
   <input_file_list>
      <input_file id="fl-2">
         <path>.\</path>
         <kind>object</kind>
         <file>ADS1299.obj</file>
         <name>ADS1299.obj</name>
      </input_file>
      <input_file id="fl-3">
         <path>.\</path>
         <kind>object</kind>
         <file>pinout.obj</file>
         <name>pinout.obj</name>
      </input_file>
      <input_file id="fl-4">
         <path>.\</path>
         <kind>object</kind>
         <file>system_msp432e401y.obj</file>
         <name>system_msp432e401y.obj</name>
      </input_file>
      <input_file id="fl-5">
         <path>.\</path>
         <kind>object</kind>
         <file>uartstdio.obj</file>
         <name>uartstdio.obj</name>
      </input_file>
      <input_file id="fl-6">
         <path>.\</path>
         <kind>object</kind>
         <file>usb_bulk_structs.obj</file>
         <name>usb_bulk_structs.obj</name>
      </input_file>
      <input_file id="fl-7">
         <path>.\</path>
         <kind>object</kind>
         <file>usb_dev_bulk.obj</file>
         <name>usb_dev_bulk.obj</name>
      </input_file>
      <input_file id="fl-8">
         <path>.\ccs\</path>
         <kind>object</kind>
         <file>startup_msp432e401y_ccs.obj</file>
         <name>startup_msp432e401y_ccs.obj</name>
      </input_file>
      <input_file id="fl-13">
         <kind>object</kind>
         <file>&lt;internal&gt;</file>
         <name>&lt;internal&gt;</name>
      </input_file>
      <input_file id="fl-14">
         <path>C:\ti\simplelink_msp432e4_sdk_4_20_00_12\source\ti\usblib\msp432e4\lib\ccs\m4f\</path>
         <kind>archive</kind>
         <file>msp432e4_usblib.a</file>
         <name>usbdbulk.o</name>
      </input_file>
      <input_file id="fl-15">
         <path>C:\ti\simplelink_msp432e4_sdk_4_20_00_12\source\ti\usblib\msp432e4\lib\ccs\m4f\</path>
         <kind>archive</kind>
         <file>msp432e4_usblib.a</file>
         <name>usbdenum.o</name>
      </input_file>
      <input_file id="fl-16">
         <path>C:\ti\simplelink_msp432e4_sdk_4_20_00_12\source\ti\usblib\msp432e4\lib\ccs\m4f\</path>
         <kind>archive</kind>
         <file>msp432e4_usblib.a</file>
         <name>usbdhandler.o</name>
      </input_file>
      <input_file id="fl-17">
         <path>C:\ti\simplelink_msp432e4_sdk_4_20_00_12\source\ti\usblib\msp432e4\lib\ccs\m4f\</path>
         <kind>archive</kind>
         <file>msp432e4_usblib.a</file>
         <name>usbbuffer.o</name>
      </input_file>
      <input_file id="fl-18">
         <path>C:\ti\simplelink_msp432e4_sdk_4_20_00_12\source\ti\usblib\msp432e4\lib\ccs\m4f\</path>
         <kind>archive</kind>
         <file>msp432e4_usblib.a</file>
         <name>usbdma.o</name>
      </input_file>
      <input_file id="fl-19">
         <path>C:\ti\simplelink_msp432e4_sdk_4_20_00_12\source\ti\usblib\msp432e4\lib\ccs\m4f\</path>
         <kind>archive</kind>
         <file>msp432e4_usblib.a</file>
         <name>usbmode.o</name>
      </input_file>
      <input_file id="fl-1a">
         <path>C:\ti\simplelink_msp432e4_sdk_4_20_00_12\source\ti\usblib\msp432e4\lib\ccs\m4f\</path>
         <kind>archive</kind>
         <file>msp432e4_usblib.a</file>
         <name>usbringbuf.o</name>
      </input_file>
      <input_file id="fl-1b">
         <path>C:\ti\simplelink_msp432e4_sdk_4_20_00_12\source\ti\usblib\msp432e4\lib\ccs\m4f\</path>
         <kind>archive</kind>
         <file>msp432e4_usblib.a</file>
         <name>usbtick.o</name>
      </input_file>
      <input_file id="fl-1c">
         <path>C:\ti\simplelink_msp432e4_sdk_4_20_00_12\source\ti\usblib\msp432e4\lib\ccs\m4f\</path>
         <kind>archive</kind>
         <file>msp432e4_usblib.a</file>
         <name>usbulpi.o</name>
      </input_file>
      <input_file id="fl-1d">
         <path>C:\ti\simplelink_msp432e4_sdk_4_20_00_12\source\ti\usblib\msp432e4\lib\ccs\m4f\</path>
         <kind>archive</kind>
         <file>msp432e4_usblib.a</file>
         <name>usbdcdesc.o</name>
      </input_file>
      <input_file id="fl-1e">
         <path>C:\ti\simplelink_msp432e4_sdk_4_20_00_12\source\ti\usblib\msp432e4\lib\ccs\m4f\</path>
         <kind>archive</kind>
         <file>msp432e4_usblib.a</file>
         <name>usbdconfig.o</name>
      </input_file>
      <input_file id="fl-1f">
         <path>C:\ti\simplelink_msp432e4_sdk_4_20_00_12\source\ti\usblib\msp432e4\lib\ccs\m4f\</path>
         <kind>archive</kind>
         <file>msp432e4_usblib.a</file>
         <name>usbhostenum.o</name>
      </input_file>
      <input_file id="fl-20">
         <path>C:\ti\simplelink_msp432e4_sdk_4_20_00_12\source\ti\usblib\msp432e4\lib\ccs\m4f\</path>
         <kind>archive</kind>
         <file>msp432e4_usblib.a</file>
         <name>usbdesc.o</name>
      </input_file>
      <input_file id="fl-21">
         <path>C:\ti\simplelink_msp432e4_sdk_4_20_00_12\source\ti\usblib\msp432e4\lib\ccs\m4f\</path>
         <kind>archive</kind>
         <file>msp432e4_usblib.a</file>
         <name>usbhhub.o</name>
      </input_file>
      <input_file id="fl-22">
         <path>C:\ti\simplelink_msp432e4_sdk_4_20_00_12\source\ti\devices\msp432e4\driverlib\lib\ccs\m4f\</path>
         <kind>archive</kind>
         <file>msp432e4_driverlib.a</file>
         <name>gpio.o</name>
      </input_file>
      <input_file id="fl-23">
         <path>C:\ti\simplelink_msp432e4_sdk_4_20_00_12\source\ti\devices\msp432e4\driverlib\lib\ccs\m4f\</path>
         <kind>archive</kind>
         <file>msp432e4_driverlib.a</file>
         <name>interrupt.o</name>
      </input_file>
      <input_file id="fl-24">
         <path>C:\ti\simplelink_msp432e4_sdk_4_20_00_12\source\ti\devices\msp432e4\driverlib\lib\ccs\m4f\</path>
         <kind>archive</kind>
         <file>msp432e4_driverlib.a</file>
         <name>sysctl.o</name>
      </input_file>
      <input_file id="fl-25">
         <path>C:\ti\simplelink_msp432e4_sdk_4_20_00_12\source\ti\devices\msp432e4\driverlib\lib\ccs\m4f\</path>
         <kind>archive</kind>
         <file>msp432e4_driverlib.a</file>
         <name>usb.o</name>
      </input_file>
      <input_file id="fl-26">
         <path>C:\ti\simplelink_msp432e4_sdk_4_20_00_12\source\ti\devices\msp432e4\driverlib\lib\ccs\m4f\</path>
         <kind>archive</kind>
         <file>msp432e4_driverlib.a</file>
         <name>cpu.o</name>
      </input_file>
      <input_file id="fl-dc">
         <path>C:\ti\ccs1011\ccs\tools\compiler\ti-cgt-arm_20.2.1.LTS\lib\</path>
         <kind>archive</kind>
         <file>rtsv7M4_T_le_v4SPD16_eabi.lib</file>
         <name>u_divt2.asm.obj</name>
      </input_file>
      <input_file id="fl-dd">
         <path>C:\ti\ccs1011\ccs\tools\compiler\ti-cgt-arm_20.2.1.LTS\lib\</path>
         <kind>archive</kind>
         <file>rtsv7M4_T_le_v4SPD16_eabi.lib</file>
         <name>copy_zero_init.c.obj</name>
      </input_file>
      <input_file id="fl-de">
         <path>C:\ti\ccs1011\ccs\tools\compiler\ti-cgt-arm_20.2.1.LTS\lib\</path>
         <kind>archive</kind>
         <file>rtsv7M4_T_le_v4SPD16_eabi.lib</file>
         <name>copy_decompress_none.c.obj</name>
      </input_file>
      <input_file id="fl-df">
         <path>C:\ti\ccs1011\ccs\tools\compiler\ti-cgt-arm_20.2.1.LTS\lib\</path>
         <kind>archive</kind>
         <file>rtsv7M4_T_le_v4SPD16_eabi.lib</file>
         <name>copy_decompress_lzss.c.obj</name>
      </input_file>
      <input_file id="fl-e0">
         <path>C:\ti\ccs1011\ccs\tools\compiler\ti-cgt-arm_20.2.1.LTS\lib\</path>
         <kind>archive</kind>
         <file>rtsv7M4_T_le_v4SPD16_eabi.lib</file>
         <name>boot_cortex_m.c.obj</name>
      </input_file>
      <input_file id="fl-e1">
         <path>C:\ti\ccs1011\ccs\tools\compiler\ti-cgt-arm_20.2.1.LTS\lib\</path>
         <kind>archive</kind>
         <file>rtsv7M4_T_le_v4SPD16_eabi.lib</file>
         <name>div0.asm.obj</name>
      </input_file>
      <input_file id="fl-e2">
         <path>C:\ti\ccs1011\ccs\tools\compiler\ti-cgt-arm_20.2.1.LTS\lib\</path>
         <kind>archive</kind>
         <file>rtsv7M4_T_le_v4SPD16_eabi.lib</file>
         <name>memset_t2.asm.obj</name>
      </input_file>
      <input_file id="fl-e3">
         <path>C:\ti\ccs1011\ccs\tools\compiler\ti-cgt-arm_20.2.1.LTS\lib\</path>
         <kind>archive</kind>
         <file>rtsv7M4_T_le_v4SPD16_eabi.lib</file>
         <name>memcpy_t2.asm.obj</name>
      </input_file>
      <input_file id="fl-e4">
         <path>C:\ti\ccs1011\ccs\tools\compiler\ti-cgt-arm_20.2.1.LTS\lib\</path>
         <kind>archive</kind>
         <file>rtsv7M4_T_le_v4SPD16_eabi.lib</file>
         <name>autoinit.c.obj</name>
      </input_file>
      <input_file id="fl-e5">
         <path>C:\ti\ccs1011\ccs\tools\compiler\ti-cgt-arm_20.2.1.LTS\lib\</path>
         <kind>archive</kind>
         <file>rtsv7M4_T_le_v4SPD16_eabi.lib</file>
         <name>pre_init.c.obj</name>
      </input_file>
      <input_file id="fl-e6">
         <path>C:\ti\ccs1011\ccs\tools\compiler\ti-cgt-arm_20.2.1.LTS\lib\</path>
         <kind>archive</kind>
         <file>rtsv7M4_T_le_v4SPD16_eabi.lib</file>
         <name>cpy_tbl.c.obj</name>
      </input_file>
      <input_file id="fl-e7">
         <path>C:\ti\ccs1011\ccs\tools\compiler\ti-cgt-arm_20.2.1.LTS\lib\</path>
         <kind>archive</kind>
         <file>rtsv7M4_T_le_v4SPD16_eabi.lib</file>
         <name>exit.c.obj</name>
      </input_file>
      <input_file id="fl-e8">
         <path>C:\ti\ccs1011\ccs\tools\compiler\ti-cgt-arm_20.2.1.LTS\lib\</path>
         <kind>archive</kind>
         <file>rtsv7M4_T_le_v4SPD16_eabi.lib</file>
         <name>_lock.c.obj</name>
      </input_file>
      <input_file id="fl-e9">
         <path>C:\ti\ccs1011\ccs\tools\compiler\ti-cgt-arm_20.2.1.LTS\lib\</path>
         <kind>archive</kind>
         <file>rtsv7M4_T_le_v4SPD16_eabi.lib</file>
         <name>args_main.c.obj</name>
      </input_file>
   </input_file_list>
   <object_component_list>
      <object_component id="oc-12">
         <name>.intvecs:retain</name>
         <load_address>0x0</load_address>
         <run_address>0x0</run_address>
         <size>0x208</size>
         <input_file_ref idref="fl-8"/>
      </object_component>
      <object_component id="oc-fb">
         <name>.text:SysCtlClockFreqSet</name>
         <load_address>0x208</load_address>
         <run_address>0x208</run_address>
         <size>0x2e0</size>
         <input_file_ref idref="fl-24"/>
      </object_component>
      <object_component id="oc-bf">
         <name>.text:main</name>
         <load_address>0x4e8</load_address>
         <run_address>0x4e8</run_address>
         <size>0x2d8</size>
         <input_file_ref idref="fl-7"/>
      </object_component>
      <object_component id="oc-3d2">
         <name>.text:EchoNewDataToHost</name>
         <load_address>0x7c0</load_address>
         <run_address>0x7c0</run_address>
         <size>0x280</size>
         <input_file_ref idref="fl-7"/>
      </object_component>
      <object_component id="oc-14a">
         <name>.text:PinoutSet</name>
         <load_address>0xa40</load_address>
         <run_address>0xa40</run_address>
         <size>0x270</size>
         <input_file_ref idref="fl-3"/>
      </object_component>
      <object_component id="oc-22d">
         <name>.text:GPIOPadConfigSet</name>
         <load_address>0xcb0</load_address>
         <run_address>0xcb0</run_address>
         <size>0x23a</size>
         <input_file_ref idref="fl-22"/>
      </object_component>
      <object_component id="oc-2d">
         <name>.text:Default_Handler</name>
         <load_address>0xeea</load_address>
         <run_address>0xeea</run_address>
         <size>0x2</size>
         <input_file_ref idref="fl-8"/>
      </object_component>
      <object_component id="oc-4ec">
         <name>.text:iDMAUSBTransfer</name>
         <load_address>0xeec</load_address>
         <run_address>0xeec</run_address>
         <size>0x224</size>
         <input_file_ref idref="fl-18"/>
      </object_component>
      <object_component id="oc-308">
         <name>.text:USBDEP0StateTxConfig</name>
         <load_address>0x1110</load_address>
         <run_address>0x1110</run_address>
         <size>0x1fc</size>
         <input_file_ref idref="fl-15"/>
      </object_component>
      <object_component id="oc-64e">
         <name>.text:USBDeviceConfig</name>
         <load_address>0x130c</load_address>
         <run_address>0x130c</run_address>
         <size>0x1fc</size>
         <input_file_ref idref="fl-1e"/>
      </object_component>
      <object_component id="oc-270">
         <name>.text:USBDCDInit</name>
         <load_address>0x1508</load_address>
         <run_address>0x1508</run_address>
         <size>0x1f8</size>
         <input_file_ref idref="fl-15"/>
      </object_component>
      <object_component id="oc-de">
         <name>.text:USBDeviceIntHandlerInternal</name>
         <load_address>0x1700</load_address>
         <run_address>0x1700</run_address>
         <size>0x1e8</size>
         <input_file_ref idref="fl-15"/>
      </object_component>
      <object_component id="oc-56f">
         <name>.text:USBDGetDescriptor</name>
         <load_address>0x18e8</load_address>
         <run_address>0x18e8</run_address>
         <size>0x170</size>
         <input_file_ref idref="fl-15"/>
      </object_component>
      <object_component id="oc-1fd">
         <name>.text:USBDeviceEnumHandler</name>
         <load_address>0x1a58</load_address>
         <run_address>0x1a58</run_address>
         <size>0x154</size>
         <input_file_ref idref="fl-15"/>
      </object_component>
      <object_component id="oc-3a4">
         <name>.text:USBLibDMAInit</name>
         <load_address>0x1bac</load_address>
         <run_address>0x1bac</run_address>
         <size>0x13c</size>
         <input_file_ref idref="fl-18"/>
      </object_component>
      <object_component id="oc-16e">
         <name>.text:ADSTEST</name>
         <load_address>0x1ce8</load_address>
         <run_address>0x1ce8</run_address>
         <size>0x130</size>
         <input_file_ref idref="fl-2"/>
      </object_component>
      <object_component id="oc-3e1">
         <name>.text:HandleRxAvailable</name>
         <load_address>0x1e18</load_address>
         <run_address>0x1e18</run_address>
         <size>0x124</size>
         <input_file_ref idref="fl-17"/>
      </object_component>
      <object_component id="oc-3c0">
         <name>.text:ScheduleNextTransmission</name>
         <load_address>0x1f3c</load_address>
         <run_address>0x1f3c</run_address>
         <size>0x108</size>
         <input_file_ref idref="fl-17"/>
      </object_component>
      <object_component id="oc-4aa">
         <name>.text:iDMAUSBChannelAllocate</name>
         <load_address>0x2044</load_address>
         <run_address>0x2044</run_address>
         <size>0x100</size>
         <input_file_ref idref="fl-18"/>
      </object_component>
      <object_component id="oc-6ae">
         <name>.text:USBDevEndpointConfigSet</name>
         <load_address>0x2144</load_address>
         <run_address>0x2144</run_address>
         <size>0xf2</size>
         <input_file_ref idref="fl-25"/>
      </object_component>
      <object_component id="oc-55d">
         <name>.text:USBDClearFeature</name>
         <load_address>0x2238</load_address>
         <run_address>0x2238</run_address>
         <size>0xf0</size>
         <input_file_ref idref="fl-15"/>
      </object_component>
      <object_component id="oc-58d">
         <name>.text:USBDSetInterface</name>
         <load_address>0x2328</load_address>
         <run_address>0x2328</run_address>
         <size>0xf0</size>
         <input_file_ref idref="fl-15"/>
      </object_component>
      <object_component id="oc-26a">
         <name>.text:USBDBulkCompositeInit</name>
         <load_address>0x2418</load_address>
         <run_address>0x2418</run_address>
         <size>0xe8</size>
         <input_file_ref idref="fl-14"/>
      </object_component>
      <object_component id="oc-581">
         <name>.text:USBDSetConfiguration</name>
         <load_address>0x2500</load_address>
         <run_address>0x2500</run_address>
         <size>0xd8</size>
         <input_file_ref idref="fl-15"/>
      </object_component>
      <object_component id="oc-662">
         <name>.text:USBDeviceConfigAlternate</name>
         <load_address>0x25d8</load_address>
         <run_address>0x25d8</run_address>
         <size>0xcc</size>
         <input_file_ref idref="fl-1e"/>
      </object_component>
      <object_component id="oc-15c">
         <name>.text:USBDCDFeatureSet</name>
         <load_address>0x26a4</load_address>
         <run_address>0x26a4</run_address>
         <size>0xc8</size>
         <input_file_ref idref="fl-15"/>
      </object_component>
      <object_component id="oc-302">
         <name>.text:USBDEP0StateTx</name>
         <load_address>0x276c</load_address>
         <run_address>0x276c</run_address>
         <size>0xc4</size>
         <input_file_ref idref="fl-15"/>
      </object_component>
      <object_component id="oc-563">
         <name>.text:USBDSetFeature</name>
         <load_address>0x2830</load_address>
         <run_address>0x2830</run_address>
         <size>0xc0</size>
         <input_file_ref idref="fl-15"/>
      </object_component>
      <object_component id="oc-47b">
         <name>.text:HandleDevice</name>
         <load_address>0x28f0</load_address>
         <run_address>0x28f0</run_address>
         <size>0xbe</size>
         <input_file_ref idref="fl-14"/>
      </object_component>
      <object_component id="oc-2b4">
         <name>.text:USBDBulkPacketRead</name>
         <load_address>0x29b0</load_address>
         <run_address>0x29b0</run_address>
         <size>0xbc</size>
         <input_file_ref idref="fl-14"/>
      </object_component>
      <object_component id="oc-557">
         <name>.text:USBDGetStatus</name>
         <load_address>0x2a6c</load_address>
         <run_address>0x2a6c</run_address>
         <size>0xbc</size>
         <input_file_ref idref="fl-15"/>
      </object_component>
      <object_component id="oc-645">
         <name>.text:USBDStringIndexFromRequest</name>
         <load_address>0x2b28</load_address>
         <run_address>0x2b28</run_address>
         <size>0xb8</size>
         <input_file_ref idref="fl-15"/>
      </object_component>
      <object_component id="oc-5ad">
         <name>.text:ProcessDataFromHost</name>
         <load_address>0x2be0</load_address>
         <run_address>0x2be0</run_address>
         <size>0xa4</size>
         <input_file_ref idref="fl-14"/>
      </object_component>
      <object_component id="oc-156">
         <name>.text:SysCtlVCOGet</name>
         <load_address>0x2c84</load_address>
         <run_address>0x2c84</run_address>
         <size>0xa4</size>
         <input_file_ref idref="fl-24"/>
      </object_component>
      <object_component id="oc-386">
         <name>.text:ULPIConfigSet</name>
         <load_address>0x2d28</load_address>
         <run_address>0x2d28</run_address>
         <size>0xa2</size>
         <input_file_ref idref="fl-1c"/>
      </object_component>
      <object_component id="oc-2fc">
         <name>.text:USBDReadAndDispatchRequest</name>
         <load_address>0x2dcc</load_address>
         <run_address>0x2dcc</run_address>
         <size>0xa0</size>
         <input_file_ref idref="fl-15"/>
      </object_component>
      <object_component id="oc-4d">
         <name>.text</name>
         <load_address>0x2e6c</load_address>
         <run_address>0x2e6c</run_address>
         <size>0x9c</size>
         <input_file_ref idref="fl-e3"/>
      </object_component>
      <object_component id="oc-2a0">
         <name>.text:USBDBulkPacketWrite</name>
         <load_address>0x2f08</load_address>
         <run_address>0x2f08</run_address>
         <size>0x98</size>
         <input_file_ref idref="fl-14"/>
      </object_component>
      <object_component id="oc-611">
         <name>.text:USBEndpointDMAConfigSet</name>
         <load_address>0x2fa0</load_address>
         <run_address>0x2fa0</run_address>
         <size>0x98</size>
         <input_file_ref idref="fl-25"/>
      </object_component>
      <object_component id="oc-216">
         <name>.text:_SysCtlFrequencyGet</name>
         <load_address>0x3038</load_address>
         <run_address>0x3038</run_address>
         <size>0x90</size>
         <input_file_ref idref="fl-24"/>
      </object_component>
      <object_component id="oc-69c">
         <name>.text:USBDCDConfigDescGet</name>
         <load_address>0x30c8</load_address>
         <run_address>0x30c8</run_address>
         <size>0x8e</size>
         <input_file_ref idref="fl-1d"/>
      </object_component>
      <object_component id="oc-5d8">
         <name>.text:IntIsEnabled</name>
         <load_address>0x3158</load_address>
         <run_address>0x3158</run_address>
         <size>0x88</size>
         <input_file_ref idref="fl-23"/>
      </object_component>
      <object_component id="oc-12c">
         <name>.text:ReadREGS</name>
         <load_address>0x31e0</load_address>
         <run_address>0x31e0</run_address>
         <size>0x84</size>
         <input_file_ref idref="fl-2"/>
      </object_component>
      <object_component id="oc-6a8">
         <name>.text:GetEPDescriptorType</name>
         <load_address>0x3264</load_address>
         <run_address>0x3264</run_address>
         <size>0x82</size>
         <input_file_ref idref="fl-1e"/>
      </object_component>
      <object_component id="oc-2ae">
         <name>.text:RxHandler</name>
         <load_address>0x32e8</load_address>
         <run_address>0x32e8</run_address>
         <size>0x80</size>
         <input_file_ref idref="fl-7"/>
      </object_component>
      <object_component id="oc-13e">
         <name>.text:WriteREGS</name>
         <load_address>0x3368</load_address>
         <run_address>0x3368</run_address>
         <size>0x7c</size>
         <input_file_ref idref="fl-2"/>
      </object_component>
      <object_component id="oc-4b6">
         <name>.text:iDMAUSBChannelEnable</name>
         <load_address>0x33e4</load_address>
         <run_address>0x33e4</run_address>
         <size>0x7c</size>
         <input_file_ref idref="fl-18"/>
      </object_component>
      <object_component id="oc-2c3">
         <name>.text:USBBufferEventCallback</name>
         <load_address>0x3460</load_address>
         <run_address>0x3460</run_address>
         <size>0x7a</size>
         <input_file_ref idref="fl-17"/>
      </object_component>
      <object_component id="oc-b3">
         <name>.text</name>
         <load_address>0x34da</load_address>
         <run_address>0x34da</run_address>
         <size>0x7a</size>
         <input_file_ref idref="fl-e2"/>
      </object_component>
      <object_component id="oc-1e5">
         <name>.text:USBDeviceResumeTickHandler</name>
         <load_address>0x3554</load_address>
         <run_address>0x3554</run_address>
         <size>0x74</size>
         <input_file_ref idref="fl-15"/>
      </object_component>
      <object_component id="oc-4c8">
         <name>.text:iDMAUSBChannelRelease</name>
         <load_address>0x35c8</load_address>
         <run_address>0x35c8</run_address>
         <size>0x72</size>
         <input_file_ref idref="fl-18"/>
      </object_component>
      <object_component id="oc-6a2">
         <name>.text:USBDCDConfigGetInterfaceEndpoint</name>
         <load_address>0x363a</load_address>
         <run_address>0x363a</run_address>
         <size>0x6e</size>
         <input_file_ref idref="fl-1d"/>
      </object_component>
      <object_component id="oc-587">
         <name>.text:USBDGetInterface</name>
         <load_address>0x36a8</load_address>
         <run_address>0x36a8</run_address>
         <size>0x6c</size>
         <input_file_ref idref="fl-15"/>
      </object_component>
      <object_component id="oc-6c9">
         <name>.text:ConfigAlternateInterfaceGet</name>
         <load_address>0x3714</load_address>
         <run_address>0x3714</run_address>
         <size>0x6a</size>
         <input_file_ref idref="fl-1d"/>
      </object_component>
      <object_component id="oc-6e4">
         <name>.text:USBDescGet</name>
         <load_address>0x377e</load_address>
         <run_address>0x377e</run_address>
         <size>0x6a</size>
         <input_file_ref idref="fl-20"/>
      </object_component>
      <object_component id="oc-6eb">
         <name>.text:NextConfigDescGet</name>
         <load_address>0x37e8</load_address>
         <run_address>0x37e8</run_address>
         <size>0x68</size>
         <input_file_ref idref="fl-1d"/>
      </object_component>
      <object_component id="oc-1df">
         <name>.text:USBDeviceEnumResetHandler</name>
         <load_address>0x3850</load_address>
         <run_address>0x3850</run_address>
         <size>0x68</size>
         <input_file_ref idref="fl-15"/>
      </object_component>
      <object_component id="oc-15">
         <name>.text:decompress:lzss:__TI_decompress_lzss</name>
         <load_address>0x38b8</load_address>
         <run_address>0x38b8</run_address>
         <size>0x68</size>
         <input_file_ref idref="fl-df"/>
      </object_component>
      <object_component id="oc-6ba">
         <name>.text:USBFIFOConfigSet</name>
         <load_address>0x3920</load_address>
         <run_address>0x3920</run_address>
         <size>0x66</size>
         <input_file_ref idref="fl-25"/>
      </object_component>
      <object_component id="oc-5b3">
         <name>.text:ProcessDataToHost</name>
         <load_address>0x3988</load_address>
         <run_address>0x3988</run_address>
         <size>0x64</size>
         <input_file_ref idref="fl-14"/>
      </object_component>
      <object_component id="oc-168">
         <name>.text:USBDBulkInit</name>
         <load_address>0x39ec</load_address>
         <run_address>0x39ec</run_address>
         <size>0x64</size>
         <input_file_ref idref="fl-14"/>
      </object_component>
      <object_component id="oc-233">
         <name>.text:GPIODirModeSet</name>
         <load_address>0x3a50</load_address>
         <run_address>0x3a50</run_address>
         <size>0x5c</size>
         <input_file_ref idref="fl-22"/>
      </object_component>
      <object_component id="oc-355">
         <name>.text:USBDCDDeviceInfoInit</name>
         <load_address>0x3aac</load_address>
         <run_address>0x3aac</run_address>
         <size>0x5c</size>
         <input_file_ref idref="fl-15"/>
      </object_component>
      <object_component id="oc-6c2">
         <name>.text:USBDescGetNum</name>
         <load_address>0x3b08</load_address>
         <run_address>0x3b08</run_address>
         <size>0x5c</size>
         <input_file_ref idref="fl-20"/>
      </object_component>
      <object_component id="oc-3ba">
         <name>.text:USBRingBufAdvanceWrite</name>
         <load_address>0x3b64</load_address>
         <run_address>0x3b64</run_address>
         <size>0x5c</size>
         <input_file_ref idref="fl-1a"/>
      </object_component>
      <object_component id="oc-132">
         <name>.text:WriteREG</name>
         <load_address>0x3bc0</load_address>
         <run_address>0x3bc0</run_address>
         <size>0x5c</size>
         <input_file_ref idref="fl-2"/>
      </object_component>
      <object_component id="oc-4d4">
         <name>.text:DMAUSBIntHandler</name>
         <load_address>0x3c1c</load_address>
         <run_address>0x3c1c</run_address>
         <size>0x5a</size>
         <input_file_ref idref="fl-18"/>
      </object_component>
      <object_component id="oc-361">
         <name>.text:InternalUSBRegisterTickHandler</name>
         <load_address>0x3c78</load_address>
         <run_address>0x3c78</run_address>
         <size>0x58</size>
         <input_file_ref idref="fl-1b"/>
      </object_component>
      <object_component id="oc-138">
         <name>.text:ReadREG</name>
         <load_address>0x3cd0</load_address>
         <run_address>0x3cd0</run_address>
         <size>0x58</size>
         <input_file_ref idref="fl-2"/>
      </object_component>
      <object_component id="oc-4ce">
         <name>.text:iDMAUSBChannelStatus</name>
         <load_address>0x3d28</load_address>
         <run_address>0x3d28</run_address>
         <size>0x58</size>
         <input_file_ref idref="fl-18"/>
      </object_component>
      <object_component id="oc-57b">
         <name>.text:USBDGetConfiguration</name>
         <load_address>0x3d80</load_address>
         <run_address>0x3d80</run_address>
         <size>0x54</size>
         <input_file_ref idref="fl-15"/>
      </object_component>
      <object_component id="oc-1eb">
         <name>.text:InternalUSBStartOfFrameTick</name>
         <load_address>0x3dd4</load_address>
         <run_address>0x3dd4</run_address>
         <size>0x50</size>
         <input_file_ref idref="fl-1b"/>
      </object_component>
      <object_component id="oc-656">
         <name>.text:USBDCDConfigDescGetNum</name>
         <load_address>0x3e24</load_address>
         <run_address>0x3e24</run_address>
         <size>0x4e</size>
         <input_file_ref idref="fl-1d"/>
      </object_component>
      <object_component id="oc-373">
         <name>.text:BulkTickHandler</name>
         <load_address>0x3e74</load_address>
         <run_address>0x3e74</run_address>
         <size>0x4c</size>
         <input_file_ref idref="fl-14"/>
      </object_component>
      <object_component id="oc-475">
         <name>.text:HandleEndpoints</name>
         <load_address>0x3ec0</load_address>
         <run_address>0x3ec0</run_address>
         <size>0x4c</size>
         <input_file_ref idref="fl-14"/>
      </object_component>
      <object_component id="oc-35b">
         <name>.text:InternalUSBTickInit</name>
         <load_address>0x3f0c</load_address>
         <run_address>0x3f0c</run_address>
         <size>0x4c</size>
         <input_file_ref idref="fl-1b"/>
      </object_component>
      <object_component id="oc-2ba">
         <name>.text:USBDBulkRxPacketAvailable</name>
         <load_address>0x3f58</load_address>
         <run_address>0x3f58</run_address>
         <size>0x4c</size>
         <input_file_ref idref="fl-14"/>
      </object_component>
      <object_component id="oc-63a">
         <name>.text:UpdateIndexAtomic</name>
         <load_address>0x3fa4</load_address>
         <run_address>0x3fa4</run_address>
         <size>0x4a</size>
         <input_file_ref idref="fl-1a"/>
      </object_component>
      <object_component id="oc-4b0">
         <name>.text:iDMAUSBChannelDisable</name>
         <load_address>0x3fee</load_address>
         <run_address>0x3fee</run_address>
         <size>0x48</size>
         <input_file_ref idref="fl-18"/>
      </object_component>
      <object_component id="oc-6b4">
         <name>.text:GetEndpointFIFOSize</name>
         <load_address>0x4036</load_address>
         <run_address>0x4036</run_address>
         <size>0x44</size>
         <input_file_ref idref="fl-1e"/>
      </object_component>
      <object_component id="oc-108">
         <name>.text:SysCtlPeripheralReady</name>
         <load_address>0x407c</load_address>
         <run_address>0x407c</run_address>
         <size>0x44</size>
         <input_file_ref idref="fl-24"/>
      </object_component>
      <object_component id="oc-162">
         <name>.text:USBStackModeSet</name>
         <load_address>0x40c0</load_address>
         <run_address>0x40c0</run_address>
         <size>0x44</size>
         <input_file_ref idref="fl-19"/>
      </object_component>
      <object_component id="oc-210">
         <name>.text:_SysCtlMemTimingGet</name>
         <load_address>0x4104</load_address>
         <run_address>0x4104</run_address>
         <size>0x44</size>
         <input_file_ref idref="fl-24"/>
      </object_component>
      <object_component id="oc-18b">
         <name>.text:__TI_auto_init_nobinit_nopinit:__TI_auto_init_nobinit_nopinit</name>
         <load_address>0x4148</load_address>
         <run_address>0x4148</run_address>
         <size>0x44</size>
         <input_file_ref idref="fl-e4"/>
      </object_component>
      <object_component id="oc-6f5">
         <name>.text:_USBIndexWrite</name>
         <load_address>0x418c</load_address>
         <run_address>0x418c</run_address>
         <size>0x42</size>
         <input_file_ref idref="fl-25"/>
      </object_component>
      <object_component id="oc-102">
         <name>.text:SysCtlPeripheralEnable</name>
         <load_address>0x41d0</load_address>
         <run_address>0x41d0</run_address>
         <size>0x40</size>
         <input_file_ref idref="fl-24"/>
      </object_component>
      <object_component id="oc-496">
         <name>.text:USBULPIRegWrite</name>
         <load_address>0x4210</load_address>
         <run_address>0x4210</run_address>
         <size>0x40</size>
         <input_file_ref idref="fl-25"/>
      </object_component>
      <object_component id="oc-45d">
         <name>.text:HandleConfigChange</name>
         <load_address>0x4250</load_address>
         <run_address>0x4250</run_address>
         <size>0x3e</size>
         <input_file_ref idref="fl-14"/>
      </object_component>
      <object_component id="oc-3f3">
         <name>.text:HandleRequestBuffer</name>
         <load_address>0x428e</load_address>
         <run_address>0x428e</run_address>
         <size>0x3c</size>
         <input_file_ref idref="fl-17"/>
      </object_component>
      <object_component id="oc-3d9">
         <name>.text:SetDeferredOpFlag</name>
         <load_address>0x42ca</load_address>
         <run_address>0x42ca</run_address>
         <size>0x3c</size>
         <input_file_ref idref="fl-14"/>
      </object_component>
      <object_component id="oc-529">
         <name>.text:USBRingBufContigFree</name>
         <load_address>0x4306</load_address>
         <run_address>0x4306</run_address>
         <size>0x3c</size>
         <input_file_ref idref="fl-1a"/>
      </object_component>
      <object_component id="oc-43f">
         <name>.text:USBDCDConfigDescGetSize</name>
         <load_address>0x4342</load_address>
         <run_address>0x4342</run_address>
         <size>0x38</size>
         <input_file_ref idref="fl-1d"/>
      </object_component>
      <object_component id="oc-34f">
         <name>.text:USBDCDFeatureGet</name>
         <load_address>0x437c</load_address>
         <run_address>0x437c</run_address>
         <size>0x38</size>
         <input_file_ref idref="fl-15"/>
      </object_component>
      <object_component id="oc-569">
         <name>.text:USBDSetAddress</name>
         <load_address>0x43b4</load_address>
         <run_address>0x43b4</run_address>
         <size>0x38</size>
         <input_file_ref idref="fl-15"/>
      </object_component>
      <object_component id="oc-490">
         <name>.text:USBULPIRegRead</name>
         <load_address>0x43ec</load_address>
         <run_address>0x43ec</run_address>
         <size>0x38</size>
         <input_file_ref idref="fl-25"/>
      </object_component>
      <object_component id="oc-65c">
         <name>.text:USBDCDConfigGetInterface</name>
         <load_address>0x4424</load_address>
         <run_address>0x4424</run_address>
         <size>0x36</size>
         <input_file_ref idref="fl-1d"/>
      </object_component>
      <object_component id="oc-523">
         <name>.text:USBRingBufWrite</name>
         <load_address>0x445a</load_address>
         <run_address>0x445a</run_address>
         <size>0x36</size>
         <input_file_ref idref="fl-1a"/>
      </object_component>
      <object_component id="oc-6b">
         <name>.text:_c_int00_noargs:_c_int00_noargs</name>
         <load_address>0x4490</load_address>
         <run_address>0x4490</run_address>
         <size>0x34</size>
         <input_file_ref idref="fl-e0"/>
      </object_component>
      <object_component id="oc-23c">
         <name>.text:transfer</name>
         <load_address>0x44c4</load_address>
         <run_address>0x44c4</run_address>
         <size>0x34</size>
         <input_file_ref idref="fl-2"/>
      </object_component>
      <object_component id="oc-4fa">
         <name>.text:USBRingBufUsed</name>
         <load_address>0x44f8</load_address>
         <run_address>0x44f8</run_address>
         <size>0x32</size>
         <input_file_ref idref="fl-1a"/>
      </object_component>
      <object_component id="oc-46f">
         <name>.text:HandleDisconnect</name>
         <load_address>0x452a</load_address>
         <run_address>0x452a</run_address>
         <size>0x30</size>
         <input_file_ref idref="fl-14"/>
      </object_component>
      <object_component id="oc-516">
         <name>.text:NORM</name>
         <load_address>0x455c</load_address>
         <run_address>0x455c</run_address>
         <size>0x30</size>
         <input_file_ref idref="fl-2"/>
      </object_component>
      <object_component id="oc-510">
         <name>.text:TEST</name>
         <load_address>0x458c</load_address>
         <run_address>0x458c</run_address>
         <size>0x30</size>
         <input_file_ref idref="fl-2"/>
      </object_component>
      <object_component id="oc-29a">
         <name>.text:TxHandler</name>
         <load_address>0x45bc</load_address>
         <run_address>0x45bc</run_address>
         <size>0x30</size>
         <input_file_ref idref="fl-7"/>
      </object_component>
      <object_component id="oc-617">
         <name>.text:USBDMAChannelConfigSet</name>
         <load_address>0x45ec</load_address>
         <run_address>0x45ec</run_address>
         <size>0x30</size>
         <input_file_ref idref="fl-25"/>
      </object_component>
      <object_component id="oc-52f">
         <name>.text:USBRingBufAdvanceRead</name>
         <load_address>0x461c</load_address>
         <run_address>0x461c</run_address>
         <size>0x2e</size>
         <input_file_ref idref="fl-1a"/>
      </object_component>
      <object_component id="oc-502">
         <name>.text:USBRingBufContigUsed</name>
         <load_address>0x464a</load_address>
         <run_address>0x464a</run_address>
         <size>0x2e</size>
         <input_file_ref idref="fl-1a"/>
      </object_component>
      <object_component id="oc-3e7">
         <name>.text:HandleDataRemaining</name>
         <load_address>0x4678</load_address>
         <run_address>0x4678</run_address>
         <size>0x2c</size>
         <input_file_ref idref="fl-17"/>
      </object_component>
      <object_component id="oc-27e">
         <name>.text:USBBufferInfoGet</name>
         <load_address>0x46a4</load_address>
         <run_address>0x46a4</run_address>
         <size>0x2c</size>
         <input_file_ref idref="fl-17"/>
      </object_component>
      <object_component id="oc-120">
         <name>.text:_RESET</name>
         <load_address>0x46d0</load_address>
         <run_address>0x46d0</run_address>
         <size>0x2c</size>
         <input_file_ref idref="fl-2"/>
      </object_component>
      <object_component id="oc-431">
         <name>.text:USBDCDStallEP0</name>
         <load_address>0x46fc</load_address>
         <run_address>0x46fc</run_address>
         <size>0x28</size>
         <input_file_ref idref="fl-15"/>
      </object_component>
      <object_component id="oc-575">
         <name>.text:USBDSetDescriptor</name>
         <load_address>0x4724</load_address>
         <run_address>0x4724</run_address>
         <size>0x28</size>
         <input_file_ref idref="fl-15"/>
      </object_component>
      <object_component id="oc-593">
         <name>.text:USBDSyncFrame</name>
         <load_address>0x474c</load_address>
         <run_address>0x474c</run_address>
         <size>0x28</size>
         <input_file_ref idref="fl-15"/>
      </object_component>
      <object_component id="oc-144">
         <name>.text:_RDATAC</name>
         <load_address>0x4774</load_address>
         <run_address>0x4774</run_address>
         <size>0x28</size>
         <input_file_ref idref="fl-2"/>
      </object_component>
      <object_component id="oc-126">
         <name>.text:_SDATAC</name>
         <load_address>0x479c</load_address>
         <run_address>0x479c</run_address>
         <size>0x28</size>
         <input_file_ref idref="fl-2"/>
      </object_component>
      <object_component id="oc-632">
         <name>.text:USBRingBufWriteOne</name>
         <load_address>0x47c4</load_address>
         <run_address>0x47c4</run_address>
         <size>0x26</size>
         <input_file_ref idref="fl-1a"/>
      </object_component>
      <object_component id="oc-249">
         <name>.text:GPIOPinTypeEthernetLED</name>
         <load_address>0x47ea</load_address>
         <run_address>0x47ea</run_address>
         <size>0x24</size>
         <input_file_ref idref="fl-22"/>
      </object_component>
      <object_component id="oc-114">
         <name>.text:GPIOPinTypeGPIOInput</name>
         <load_address>0x480e</load_address>
         <run_address>0x480e</run_address>
         <size>0x24</size>
         <input_file_ref idref="fl-22"/>
      </object_component>
      <object_component id="oc-10e">
         <name>.text:GPIOPinTypeGPIOOutput</name>
         <load_address>0x4832</load_address>
         <run_address>0x4832</run_address>
         <size>0x24</size>
         <input_file_ref idref="fl-22"/>
      </object_component>
      <object_component id="oc-8b">
         <name>.text:USB0_IRQDeviceHandler</name>
         <load_address>0x4858</load_address>
         <run_address>0x4858</run_address>
         <size>0x24</size>
         <input_file_ref idref="fl-16"/>
      </object_component>
      <object_component id="oc-2a6">
         <name>.text:USBDBulkTxPacketAvailable</name>
         <load_address>0x487c</load_address>
         <run_address>0x487c</run_address>
         <size>0x24</size>
         <input_file_ref idref="fl-14"/>
      </object_component>
      <object_component id="oc-250">
         <name>.text:USBRingBufInit</name>
         <load_address>0x48a0</load_address>
         <run_address>0x48a0</run_address>
         <size>0x24</size>
         <input_file_ref idref="fl-1a"/>
      </object_component>
      <object_component id="oc-11a">
         <name>.text:GPIOPinWrite</name>
         <load_address>0x48c4</load_address>
         <run_address>0x48c4</run_address>
         <size>0x20</size>
         <input_file_ref idref="fl-22"/>
      </object_component>
      <object_component id="oc-7f">
         <name>.text:SystemInit</name>
         <load_address>0x48e4</load_address>
         <run_address>0x48e4</run_address>
         <size>0x20</size>
         <input_file_ref idref="fl-4"/>
      </object_component>
      <object_component id="oc-290">
         <name>.text:USBBufferDataWritten</name>
         <load_address>0x4904</load_address>
         <run_address>0x4904</run_address>
         <size>0x20</size>
         <input_file_ref idref="fl-17"/>
      </object_component>
      <object_component id="oc-5ca">
         <name>.text:USBDMAChannelDisable</name>
         <load_address>0x4924</load_address>
         <run_address>0x4924</run_address>
         <size>0x20</size>
         <input_file_ref idref="fl-25"/>
      </object_component>
      <object_component id="oc-5e4">
         <name>.text:USBDMAChannelEnable</name>
         <load_address>0x4944</load_address>
         <run_address>0x4944</run_address>
         <size>0x20</size>
         <input_file_ref idref="fl-25"/>
      </object_component>
      <object_component id="oc-5d1">
         <name>.text:USBDMAChannelIntDisable</name>
         <load_address>0x4964</load_address>
         <run_address>0x4964</run_address>
         <size>0x20</size>
         <input_file_ref idref="fl-25"/>
      </object_component>
      <object_component id="oc-5de">
         <name>.text:USBDMAChannelIntEnable</name>
         <load_address>0x4984</load_address>
         <run_address>0x4984</run_address>
         <size>0x20</size>
         <input_file_ref idref="fl-25"/>
      </object_component>
      <object_component id="oc-60b">
         <name>.text:USBEndpointPacketCountSet</name>
         <load_address>0x49a4</load_address>
         <run_address>0x49a4</run_address>
         <size>0x20</size>
         <input_file_ref idref="fl-25"/>
      </object_component>
      <object_component id="oc-509">
         <name>.text:USBRingBufFlush</name>
         <load_address>0x49c4</load_address>
         <run_address>0x49c4</run_address>
         <size>0x20</size>
         <input_file_ref idref="fl-1a"/>
      </object_component>
      <object_component id="oc-150">
         <name>.text:USBBufferInit</name>
         <load_address>0x49e4</load_address>
         <run_address>0x49e4</run_address>
         <size>0x1e</size>
         <input_file_ref idref="fl-17"/>
      </object_component>
      <object_component id="oc-469">
         <name>.text:HandleResume</name>
         <load_address>0x4a02</load_address>
         <run_address>0x4a02</run_address>
         <size>0x1c</size>
         <input_file_ref idref="fl-14"/>
      </object_component>
      <object_component id="oc-463">
         <name>.text:HandleSuspend</name>
         <load_address>0x4a1e</load_address>
         <run_address>0x4a1e</run_address>
         <size>0x1c</size>
         <input_file_ref idref="fl-14"/>
      </object_component>
      <object_component id="oc-37a">
         <name>.text:USBClockEnable</name>
         <load_address>0x4a3a</load_address>
         <run_address>0x4a3a</run_address>
         <size>0x1c</size>
         <input_file_ref idref="fl-25"/>
      </object_component>
      <object_component id="oc-5ff">
         <name>.text:USBDMAChannelAddressSet</name>
         <load_address>0x4a56</load_address>
         <run_address>0x4a56</run_address>
         <size>0x1c</size>
         <input_file_ref idref="fl-25"/>
      </object_component>
      <object_component id="oc-605">
         <name>.text:USBDMAChannelCountSet</name>
         <load_address>0x4a72</load_address>
         <run_address>0x4a72</run_address>
         <size>0x1c</size>
         <input_file_ref idref="fl-25"/>
      </object_component>
      <object_component id="oc-5ee">
         <name>.text:USBDMAChannelStatus</name>
         <load_address>0x4a8e</load_address>
         <run_address>0x4a8e</run_address>
         <size>0x1c</size>
         <input_file_ref idref="fl-25"/>
      </object_component>
      <object_component id="oc-4e0">
         <name>.text:DMAUSBIntStatusClear</name>
         <load_address>0x4aaa</load_address>
         <run_address>0x4aaa</run_address>
         <size>0x1a</size>
         <input_file_ref idref="fl-18"/>
      </object_component>
      <object_component id="oc-3ed">
         <name>.text:HandleTxComplete</name>
         <load_address>0x4ac4</load_address>
         <run_address>0x4ac4</run_address>
         <size>0x1a</size>
         <input_file_ref idref="fl-17"/>
      </object_component>
      <object_component id="oc-398">
         <name>.text:USBLPMIntEnable</name>
         <load_address>0x4ade</load_address>
         <run_address>0x4ade</run_address>
         <size>0x1a</size>
         <input_file_ref idref="fl-25"/>
      </object_component>
      <object_component id="oc-28a">
         <name>.text:GPIOPinRead</name>
         <load_address>0x4af8</load_address>
         <run_address>0x4af8</run_address>
         <size>0x18</size>
         <input_file_ref idref="fl-22"/>
      </object_component>
      <object_component id="oc-39e">
         <name>.text:USBDevLPMDisable</name>
         <load_address>0x4b10</load_address>
         <run_address>0x4b10</run_address>
         <size>0x18</size>
         <input_file_ref idref="fl-25"/>
      </object_component>
      <object_component id="oc-1f7">
         <name>.text:USBDevLPMEnable</name>
         <load_address>0x4b28</load_address>
         <run_address>0x4b28</run_address>
         <size>0x18</size>
         <input_file_ref idref="fl-25"/>
      </object_component>
      <object_component id="oc-38c">
         <name>.text:USBULPIDisable</name>
         <load_address>0x4b40</load_address>
         <run_address>0x4b40</run_address>
         <size>0x18</size>
         <input_file_ref idref="fl-25"/>
      </object_component>
      <object_component id="oc-380">
         <name>.text:USBULPIEnable</name>
         <load_address>0x4b58</load_address>
         <run_address>0x4b58</run_address>
         <size>0x18</size>
         <input_file_ref idref="fl-25"/>
      </object_component>
      <object_component id="oc-392">
         <name>.text:USBDevLPMConfig</name>
         <load_address>0x4b70</load_address>
         <run_address>0x4b70</run_address>
         <size>0x16</size>
         <input_file_ref idref="fl-25"/>
      </object_component>
      <object_component id="oc-3b2">
         <name>.text:USBRingBufFree</name>
         <load_address>0x4b86</load_address>
         <run_address>0x4b86</run_address>
         <size>0x16</size>
         <input_file_ref idref="fl-1a"/>
      </object_component>
      <object_component id="oc-4c2">
         <name>.text:iDMAUSBChannelIntDisable</name>
         <load_address>0x4b9c</load_address>
         <run_address>0x4b9c</run_address>
         <size>0x14</size>
         <input_file_ref idref="fl-18"/>
      </object_component>
      <object_component id="oc-4bc">
         <name>.text:iDMAUSBChannelIntEnable</name>
         <load_address>0x4bb0</load_address>
         <run_address>0x4bb0</run_address>
         <size>0x14</size>
         <input_file_ref idref="fl-18"/>
      </object_component>
      <object_component id="oc-3cc">
         <name>.text:USBBufferFlush</name>
         <load_address>0x4bc4</load_address>
         <run_address>0x4bc4</run_address>
         <size>0x12</size>
         <input_file_ref idref="fl-17"/>
      </object_component>
      <object_component id="oc-284">
         <name>.text:USBBufferSpaceAvailable</name>
         <load_address>0x4bd6</load_address>
         <run_address>0x4bd6</run_address>
         <size>0x12</size>
         <input_file_ref idref="fl-17"/>
      </object_component>
      <object_component id="oc-623">
         <name>.text:IntMasterDisable</name>
         <load_address>0x4be8</load_address>
         <run_address>0x4be8</run_address>
         <size>0x10</size>
         <input_file_ref idref="fl-23"/>
      </object_component>
      <object_component id="oc-629">
         <name>.text:IntMasterEnable</name>
         <load_address>0x4bf8</load_address>
         <run_address>0x4bf8</run_address>
         <size>0x10</size>
         <input_file_ref idref="fl-23"/>
      </object_component>
      <object_component id="oc-33">
         <name>.text:SysTick_Handler</name>
         <load_address>0x4c08</load_address>
         <run_address>0x4c08</run_address>
         <size>0x10</size>
         <input_file_ref idref="fl-7"/>
      </object_component>
      <object_component id="oc-5f6">
         <name>.text:USBDMAChannelIntStatus</name>
         <load_address>0x4c18</load_address>
         <run_address>0x4c18</run_address>
         <size>0x10</size>
         <input_file_ref idref="fl-25"/>
      </object_component>
      <object_component id="oc-1f1">
         <name>.text:USBLPMIntStatus</name>
         <load_address>0x4c28</load_address>
         <run_address>0x4c28</run_address>
         <size>0x10</size>
         <input_file_ref idref="fl-25"/>
      </object_component>
      <object_component id="oc-1b">
         <name>.text:decompress:none:__TI_decompress_none</name>
         <load_address>0x4c38</load_address>
         <run_address>0x4c38</run_address>
         <size>0xe</size>
         <input_file_ref idref="fl-de"/>
      </object_component>
      <object_component id="oc-4a4">
         <name>.text:iDMAUSBArbSizeSet</name>
         <load_address>0x4c46</load_address>
         <run_address>0x4c46</run_address>
         <size>0xe</size>
         <input_file_ref idref="fl-18"/>
      </object_component>
      <object_component id="oc-4da">
         <name>.text:iDMAUSBIntStatus</name>
         <load_address>0x4c54</load_address>
         <run_address>0x4c54</run_address>
         <size>0xe</size>
         <input_file_ref idref="fl-18"/>
      </object_component>
      <object_component id="oc-4f2">
         <name>.text:iDMAUSBUnitSizeSet</name>
         <load_address>0x4c62</load_address>
         <run_address>0x4c62</run_address>
         <size>0xe</size>
         <input_file_ref idref="fl-18"/>
      </object_component>
      <object_component id="oc-68b">
         <name>.text:CPUcpsid</name>
         <load_address>0x4c70</load_address>
         <run_address>0x4c70</run_address>
         <size>0xc</size>
         <input_file_ref idref="fl-26"/>
      </object_component>
      <object_component id="oc-692">
         <name>.text:CPUcpsie</name>
         <load_address>0x4c7c</load_address>
         <run_address>0x4c7c</run_address>
         <size>0xc</size>
         <input_file_ref idref="fl-26"/>
      </object_component>
      <object_component id="oc-4e6">
         <name>.text:DMAUSBStatus</name>
         <load_address>0x4c88</load_address>
         <run_address>0x4c88</run_address>
         <size>0xc</size>
         <input_file_ref idref="fl-18"/>
      </object_component>
      <object_component id="oc-27">
         <name>.text:Reset_Handler</name>
         <load_address>0x4c94</load_address>
         <run_address>0x4c94</run_address>
         <size>0xc</size>
         <input_file_ref idref="fl-8"/>
      </object_component>
      <object_component id="oc-5f">
         <name>.text:decompress:ZI:__TI_zero_init</name>
         <load_address>0x4ca0</load_address>
         <run_address>0x4ca0</run_address>
         <size>0xc</size>
         <input_file_ref idref="fl-dd"/>
      </object_component>
      <object_component id="oc-39">
         <name>.text:USB0_IRQHandler</name>
         <load_address>0x4cac</load_address>
         <run_address>0x4cac</run_address>
         <size>0x8</size>
         <input_file_ref idref="fl-7"/>
      </object_component>
      <object_component id="oc-101">
         <name>.text:SysCtlDelay</name>
         <load_address>0x4cb4</load_address>
         <run_address>0x4cb4</run_address>
         <size>0x6</size>
         <input_file_ref idref="fl-24"/>
      </object_component>
      <object_component id="oc-b9">
         <name>.text:_system_pre_init</name>
         <load_address>0x4cba</load_address>
         <run_address>0x4cba</run_address>
         <size>0x4</size>
         <input_file_ref idref="fl-e5"/>
      </object_component>
      <object_component id="oc-17f">
         <name>.text:abort:abort</name>
         <load_address>0x4cbe</load_address>
         <run_address>0x4cbe</run_address>
         <size>0x4</size>
         <input_file_ref idref="fl-e7"/>
      </object_component>
      <object_component id="oc-222">
         <name>.const:g_pppui32XTALtoVCO</name>
         <load_address>0x4cc4</load_address>
         <run_address>0x4cc4</run_address>
         <size>0x1b0</size>
         <input_file_ref idref="fl-24"/>
      </object_component>
      <object_component id="oc-43a">
         <name>.const:g_psUSBDStdRequests</name>
         <load_address>0x4e74</load_address>
         <run_address>0x4e74</run_address>
         <size>0x34</size>
         <input_file_ref idref="fl-15"/>
      </object_component>
      <object_component id="oc-409">
         <name>.const:.string:g_pui8ConfigString</name>
         <load_address>0x4ea8</load_address>
         <run_address>0x4ea8</run_address>
         <size>0x30</size>
         <input_file_ref idref="fl-6"/>
      </object_component>
      <object_component id="oc-36a">
         <name>.const:g_sBulkHandlers</name>
         <load_address>0x4ed8</load_address>
         <run_address>0x4ed8</run_address>
         <size>0x30</size>
         <input_file_ref idref="fl-14"/>
      </object_component>
      <object_component id="oc-31a">
         <name>.const:g_sXTALtoMEMTIM</name>
         <load_address>0x4f08</load_address>
         <run_address>0x4f08</run_address>
         <size>0x30</size>
         <input_file_ref idref="fl-24"/>
      </object_component>
      <object_component id="oc-406">
         <name>.const:.string:g_pui8DataInterfaceString</name>
         <load_address>0x4f38</load_address>
         <run_address>0x4f38</run_address>
         <size>0x28</size>
         <input_file_ref idref="fl-6"/>
      </object_component>
      <object_component id="oc-400">
         <name>.const:.string:g_pui8ProductString</name>
         <load_address>0x4f60</load_address>
         <run_address>0x4f60</run_address>
         <size>0x28</size>
         <input_file_ref idref="fl-6"/>
      </object_component>
      <object_component id="oc-21c">
         <name>.const:g_pui32Xtals</name>
         <load_address>0x4f88</load_address>
         <run_address>0x4f88</run_address>
         <size>0x28</size>
         <input_file_ref idref="fl-24"/>
      </object_component>
      <object_component id="oc-3fd">
         <name>.const:.string:g_pui8ManufacturerString</name>
         <load_address>0x4fb0</load_address>
         <run_address>0x4fb0</run_address>
         <size>0x24</size>
         <input_file_ref idref="fl-6"/>
      </object_component>
      <object_component id="oc-2c9">
         <name>.const:g_ppui8StringDescriptors</name>
         <load_address>0x4fd4</load_address>
         <run_address>0x4fd4</run_address>
         <size>0x18</size>
         <input_file_ref idref="fl-6"/>
      </object_component>
      <object_component id="oc-6d3">
         <name>.const:.string:g_pui8BulkInterface</name>
         <load_address>0x4fec</load_address>
         <run_address>0x4fec</run_address>
         <size>0x17</size>
         <input_file_ref idref="fl-14"/>
      </object_component>
      <object_component id="oc-6d8">
         <name>.const:.string:g_pui8BulkInterfaceHS</name>
         <load_address>0x5003</load_address>
         <run_address>0x5003</run_address>
         <size>0x17</size>
         <input_file_ref idref="fl-14"/>
      </object_component>
      <object_component id="oc-67d">
         <name>.const:g_pui32EnRegs</name>
         <load_address>0x501c</load_address>
         <run_address>0x501c</run_address>
         <size>0x14</size>
         <input_file_ref idref="fl-23"/>
      </object_component>
      <object_component id="oc-403">
         <name>.const:.string:g_pui8SerialNumberString</name>
         <load_address>0x5030</load_address>
         <run_address>0x5030</run_address>
         <size>0x12</size>
         <input_file_ref idref="fl-6"/>
      </object_component>
      <object_component id="oc-21f">
         <name>.const:g_pui32VCOFrequencies</name>
         <load_address>0x5044</load_address>
         <run_address>0x5044</run_address>
         <size>0x8</size>
         <input_file_ref idref="fl-24"/>
      </object_component>
      <object_component id="oc-483">
         <name>.const:g_sBulkConfigHeader</name>
         <load_address>0x504c</load_address>
         <run_address>0x504c</run_address>
         <size>0x8</size>
         <input_file_ref idref="fl-14"/>
      </object_component>
      <object_component id="oc-488">
         <name>.const:g_sBulkConfigHeaderHS</name>
         <load_address>0x5054</load_address>
         <run_address>0x5054</run_address>
         <size>0x8</size>
         <input_file_ref idref="fl-14"/>
      </object_component>
      <object_component id="oc-66e">
         <name>.const:g_sBulkConfigSection</name>
         <load_address>0x505c</load_address>
         <run_address>0x505c</run_address>
         <size>0x8</size>
         <input_file_ref idref="fl-14"/>
      </object_component>
      <object_component id="oc-671">
         <name>.const:g_sBulkInterfaceSection</name>
         <load_address>0x5064</load_address>
         <run_address>0x5064</run_address>
         <size>0x8</size>
         <input_file_ref idref="fl-14"/>
      </object_component>
      <object_component id="oc-676">
         <name>.const:g_sBulkInterfaceSectionHS</name>
         <load_address>0x506c</load_address>
         <run_address>0x506c</run_address>
         <size>0x8</size>
         <input_file_ref idref="fl-14"/>
      </object_component>
      <object_component id="oc-3fa">
         <name>.const:.string:g_pui8LangDescriptor</name>
         <load_address>0x5074</load_address>
         <run_address>0x5074</run_address>
         <size>0x4</size>
         <input_file_ref idref="fl-6"/>
      </object_component>
      <object_component id="oc-36d">
         <name>.const:g_ppBulkConfigDescriptors</name>
         <load_address>0x5078</load_address>
         <run_address>0x5078</run_address>
         <size>0x4</size>
         <input_file_ref idref="fl-14"/>
      </object_component>
      <object_component id="oc-370">
         <name>.const:g_ppBulkConfigDescriptorsHS</name>
         <load_address>0x507c</load_address>
         <run_address>0x507c</run_address>
         <size>0x4</size>
         <input_file_ref idref="fl-14"/>
      </object_component>
      <object_component id="oc-73c">
         <name>.cinit..data.load</name>
         <load_address>0x5080</load_address>
         <run_address>0x5080</run_address>
         <size>0x94</size>
      </object_component>
      <object_component id="oc-73a">
         <name>__TI_handler_table</name>
         <load_address>0x5114</load_address>
         <run_address>0x5114</run_address>
         <size>0xc</size>
      </object_component>
      <object_component id="oc-73d">
         <name>.cinit..bss.load</name>
         <load_address>0x5120</load_address>
         <run_address>0x5120</run_address>
         <size>0x8</size>
      </object_component>
      <object_component id="oc-73b">
         <name>__TI_cinit_table</name>
         <load_address>0x5128</load_address>
         <run_address>0x5128</run_address>
         <size>0x10</size>
      </object_component>
      <object_component id="oc-d1">
         <name>.data</name>
         <load_address>0x2000ff24</load_address>
         <run_address>0x2000ff24</run_address>
         <size>0x4</size>
         <input_file_ref idref="fl-4"/>
      </object_component>
      <object_component id="oc-17a">
         <name>.data:g_sBulkDevice</name>
         <load_address>0x2000fe08</load_address>
         <run_address>0x2000fe08</run_address>
         <size>0x44</size>
         <input_file_ref idref="fl-6"/>
      </object_component>
      <object_component id="oc-177">
         <name>.data:g_sRxBuffer</name>
         <load_address>0x2000fe4c</load_address>
         <run_address>0x2000fe4c</run_address>
         <size>0x38</size>
         <input_file_ref idref="fl-6"/>
      </object_component>
      <object_component id="oc-174">
         <name>.data:g_sTxBuffer</name>
         <load_address>0x2000fe84</load_address>
         <run_address>0x2000fe84</run_address>
         <size>0x38</size>
         <input_file_ref idref="fl-6"/>
      </object_component>
      <object_component id="oc-87">
         <name>.data</name>
         <load_address>0x2000febc</load_address>
         <run_address>0x2000febc</run_address>
         <size>0x1a</size>
         <input_file_ref idref="fl-7"/>
      </object_component>
      <object_component id="oc-276">
         <name>.data:g_pui8BulkDeviceDescriptor</name>
         <load_address>0x2000fed6</load_address>
         <run_address>0x2000fed6</run_address>
         <size>0x12</size>
         <input_file_ref idref="fl-14"/>
      </object_component>
      <object_component id="oc-279">
         <name>.data:g_pui8BulkDescriptor</name>
         <load_address>0x2000fef4</load_address>
         <run_address>0x2000fef4</run_address>
         <size>0x9</size>
         <input_file_ref idref="fl-14"/>
      </object_component>
      <object_component id="oc-5bb">
         <name>.data:g_psBulkSections</name>
         <load_address>0x2000ff0c</load_address>
         <run_address>0x2000ff0c</run_address>
         <size>0x8</size>
         <input_file_ref idref="fl-14"/>
      </object_component>
      <object_component id="oc-5c0">
         <name>.data:g_psBulkSectionsHS</name>
         <load_address>0x2000ff14</load_address>
         <run_address>0x2000ff14</run_address>
         <size>0x8</size>
         <input_file_ref idref="fl-14"/>
      </object_component>
      <object_component id="oc-367">
         <name>.data</name>
         <load_address>0x2000fefe</load_address>
         <run_address>0x2000fefe</run_address>
         <size>0x2</size>
         <input_file_ref idref="fl-14"/>
      </object_component>
      <object_component id="oc-20a">
         <name>.data</name>
         <load_address>0x2000ff1c</load_address>
         <run_address>0x2000ff1c</run_address>
         <size>0x8</size>
         <input_file_ref idref="fl-15"/>
      </object_component>
      <object_component id="oc-25e">
         <name>.data</name>
         <load_address>0x2000ff00</load_address>
         <run_address>0x2000ff00</run_address>
         <size>0x9</size>
         <input_file_ref idref="fl-19"/>
      </object_component>
      <object_component id="oc-207">
         <name>.data</name>
         <load_address>0x2000fee8</load_address>
         <run_address>0x2000fee8</run_address>
         <size>0xc</size>
         <input_file_ref idref="fl-1b"/>
      </object_component>
      <object_component id="oc-437">
         <name>.bss:g_pui8DataBufferIn</name>
         <uninitialized>true</uninitialized>
         <run_address>0x2000fb70</run_address>
         <size>0x40</size>
         <input_file_ref idref="fl-15"/>
      </object_component>
      <object_component id="oc-25a">
         <name>.bss</name>
         <uninitialized>true</uninitialized>
         <run_address>0x2000fbf8</run_address>
         <size>0x4</size>
         <input_file_ref idref="fl-15"/>
      </object_component>
      <object_component id="oc-4a1">
         <name>.bss:g_psUSBDMAInst</name>
         <uninitialized>true</uninitialized>
         <run_address>0x2000fa10</run_address>
         <size>0x110</size>
         <input_file_ref idref="fl-18"/>
      </object_component>
      <object_component id="oc-261">
         <name>.bss</name>
         <uninitialized>true</uninitialized>
         <run_address>0x2000fbfc</run_address>
         <size>0x4</size>
         <input_file_ref idref="fl-19"/>
      </object_component>
      <object_component id="oc-2c0">
         <name>.common:g_pui8USBRxBuffer</name>
         <uninitialized>true</uninitialized>
         <run_address>0x20000000</run_address>
         <size>0x7d08</size>
      </object_component>
      <object_component id="oc-296">
         <name>.common:g_pui8USBTxBuffer</name>
         <uninitialized>true</uninitialized>
         <run_address>0x20007d08</run_address>
         <size>0x7d08</size>
      </object_component>
      <object_component id="oc-17d">
         <name>.common:Registers</name>
         <uninitialized>true</uninitialized>
         <run_address>0x2000fbb0</run_address>
         <size>0x18</size>
      </object_component>
      <object_component id="oc-206">
         <name>.common:g_psDCDInst</name>
         <uninitialized>true</uninitialized>
         <run_address>0x2000fb20</run_address>
         <size>0x50</size>
      </object_component>
      <object_component id="oc-203">
         <name>.common:g_ppsDevInfo</name>
         <uninitialized>true</uninitialized>
         <run_address>0x2000fc00</run_address>
         <size>0x4</size>
      </object_component>
      <object_component id="oc-2f5">
         <name>.common:g_pfnTickHandlers</name>
         <uninitialized>true</uninitialized>
         <run_address>0x2000fbc8</run_address>
         <size>0x18</size>
      </object_component>
      <object_component id="oc-2f8">
         <name>.common:g_pvTickInstance</name>
         <uninitialized>true</uninitialized>
         <run_address>0x2000fbe0</run_address>
         <size>0x18</size>
      </object_component>
      <object_component id="oc-24">
         <name>.stack</name>
         <uninitialized>true</uninitialized>
         <run_address>0x2000fc08</run_address>
         <size>0x4</size>
         <input_file_ref idref="fl-e0"/>
      </object_component>
      <object_component id="oc-73f">
         <name>.stack</name>
         <uninitialized>true</uninitialized>
         <run_address>0x2000fc08</run_address>
         <size>0x0</size>
      </object_component>
      <object_component id="oc-ea">
         <name>.debug_info</name>
         <load_address>0x0</load_address>
         <run_address>0x0</run_address>
         <size>0xb81</size>
         <input_file_ref idref="fl-2"/>
      </object_component>
      <object_component id="oc-23d">
         <name>.debug_info</name>
         <load_address>0xb81</load_address>
         <run_address>0xb81</run_address>
         <size>0x15a</size>
         <input_file_ref idref="fl-2"/>
      </object_component>
      <object_component id="oc-139">
         <name>.debug_info</name>
         <load_address>0xcdb</load_address>
         <run_address>0xcdb</run_address>
         <size>0x1c7</size>
         <input_file_ref idref="fl-2"/>
      </object_component>
      <object_component id="oc-12d">
         <name>.debug_info</name>
         <load_address>0xea2</load_address>
         <run_address>0xea2</run_address>
         <size>0x206</size>
         <input_file_ref idref="fl-2"/>
      </object_component>
      <object_component id="oc-133">
         <name>.debug_info</name>
         <load_address>0x10a8</load_address>
         <run_address>0x10a8</run_address>
         <size>0x20d</size>
         <input_file_ref idref="fl-2"/>
      </object_component>
      <object_component id="oc-13f">
         <name>.debug_info</name>
         <load_address>0x12b5</load_address>
         <run_address>0x12b5</run_address>
         <size>0x23a</size>
         <input_file_ref idref="fl-2"/>
      </object_component>
      <object_component id="oc-121">
         <name>.debug_info</name>
         <load_address>0x14ef</load_address>
         <run_address>0x14ef</run_address>
         <size>0x158</size>
         <input_file_ref idref="fl-2"/>
      </object_component>
      <object_component id="oc-127">
         <name>.debug_info</name>
         <load_address>0x1647</load_address>
         <run_address>0x1647</run_address>
         <size>0x15a</size>
         <input_file_ref idref="fl-2"/>
      </object_component>
      <object_component id="oc-145">
         <name>.debug_info</name>
         <load_address>0x17a1</load_address>
         <run_address>0x17a1</run_address>
         <size>0x15a</size>
         <input_file_ref idref="fl-2"/>
      </object_component>
      <object_component id="oc-170">
         <name>.debug_info</name>
         <load_address>0x18fb</load_address>
         <run_address>0x18fb</run_address>
         <size>0x2cd</size>
         <input_file_ref idref="fl-2"/>
      </object_component>
      <object_component id="oc-511">
         <name>.debug_info</name>
         <load_address>0x1bc8</load_address>
         <run_address>0x1bc8</run_address>
         <size>0x149</size>
         <input_file_ref idref="fl-2"/>
      </object_component>
      <object_component id="oc-518">
         <name>.debug_info</name>
         <load_address>0x1d11</load_address>
         <run_address>0x1d11</run_address>
         <size>0x149</size>
         <input_file_ref idref="fl-2"/>
      </object_component>
      <object_component id="oc-1c6">
         <name>.debug_info</name>
         <load_address>0x1e5a</load_address>
         <run_address>0x1e5a</run_address>
         <size>0x234</size>
         <input_file_ref idref="fl-2"/>
      </object_component>
      <object_component id="oc-1c1">
         <name>.debug_info</name>
         <load_address>0x208e</load_address>
         <run_address>0x208e</run_address>
         <size>0x22c</size>
         <input_file_ref idref="fl-2"/>
      </object_component>
      <object_component id="oc-1cb">
         <name>.debug_info</name>
         <load_address>0x22ba</load_address>
         <run_address>0x22ba</run_address>
         <size>0xa85</size>
         <input_file_ref idref="fl-2"/>
      </object_component>
      <object_component id="oc-94">
         <name>.debug_info</name>
         <load_address>0x2d3f</load_address>
         <run_address>0x2d3f</run_address>
         <size>0x26b</size>
         <input_file_ref idref="fl-2"/>
      </object_component>
      <object_component id="oc-1d0">
         <name>.debug_info</name>
         <load_address>0x2faa</load_address>
         <run_address>0x2faa</run_address>
         <size>0x1028</size>
         <input_file_ref idref="fl-2"/>
      </object_component>
      <object_component id="oc-1da">
         <name>.debug_info</name>
         <load_address>0x3fd2</load_address>
         <run_address>0x3fd2</run_address>
         <size>0x186</size>
         <input_file_ref idref="fl-2"/>
      </object_component>
      <object_component id="oc-2ee">
         <name>.debug_info</name>
         <load_address>0x4158</load_address>
         <run_address>0x4158</run_address>
         <size>0xe4</size>
         <input_file_ref idref="fl-2"/>
      </object_component>
      <object_component id="oc-d7">
         <name>.debug_info</name>
         <load_address>0x423c</load_address>
         <run_address>0x423c</run_address>
         <size>0x8b</size>
         <input_file_ref idref="fl-2"/>
      </object_component>
      <object_component id="oc-e5">
         <name>.debug_info</name>
         <load_address>0x42c7</load_address>
         <run_address>0x42c7</run_address>
         <size>0x2a4</size>
         <input_file_ref idref="fl-2"/>
      </object_component>
      <object_component id="oc-51d">
         <name>.debug_info</name>
         <load_address>0x456b</load_address>
         <run_address>0x456b</run_address>
         <size>0xef</size>
         <input_file_ref idref="fl-2"/>
      </object_component>
      <object_component id="oc-99">
         <name>.debug_info</name>
         <load_address>0x465a</load_address>
         <run_address>0x465a</run_address>
         <size>0xbb</size>
         <input_file_ref idref="fl-2"/>
      </object_component>
      <object_component id="oc-1d5">
         <name>.debug_info</name>
         <load_address>0x4715</load_address>
         <run_address>0x4715</run_address>
         <size>0x35</size>
         <input_file_ref idref="fl-2"/>
      </object_component>
      <object_component id="oc-14d">
         <name>.debug_info</name>
         <load_address>0x474a</load_address>
         <run_address>0x474a</run_address>
         <size>0x2b0</size>
         <input_file_ref idref="fl-3"/>
      </object_component>
      <object_component id="oc-d2">
         <name>.debug_info</name>
         <load_address>0x49fa</load_address>
         <run_address>0x49fa</run_address>
         <size>0xfe</size>
         <input_file_ref idref="fl-4"/>
      </object_component>
      <object_component id="oc-80">
         <name>.debug_info</name>
         <load_address>0x4af8</load_address>
         <run_address>0x4af8</run_address>
         <size>0x13a</size>
         <input_file_ref idref="fl-4"/>
      </object_component>
      <object_component id="oc-48">
         <name>.debug_info</name>
         <load_address>0x4c32</load_address>
         <run_address>0x4c32</run_address>
         <size>0x84</size>
         <input_file_ref idref="fl-4"/>
      </object_component>
      <object_component id="oc-297">
         <name>.debug_info</name>
         <load_address>0x4cb6</load_address>
         <run_address>0x4cb6</run_address>
         <size>0xa82</size>
         <input_file_ref idref="fl-6"/>
      </object_component>
      <object_component id="oc-3fb">
         <name>.debug_info</name>
         <load_address>0x5738</load_address>
         <run_address>0x5738</run_address>
         <size>0x106</size>
         <input_file_ref idref="fl-6"/>
      </object_component>
      <object_component id="oc-3fe">
         <name>.debug_info</name>
         <load_address>0x583e</load_address>
         <run_address>0x583e</run_address>
         <size>0x10e</size>
         <input_file_ref idref="fl-6"/>
      </object_component>
      <object_component id="oc-401">
         <name>.debug_info</name>
         <load_address>0x594c</load_address>
         <run_address>0x594c</run_address>
         <size>0x104</size>
         <input_file_ref idref="fl-6"/>
      </object_component>
      <object_component id="oc-404">
         <name>.debug_info</name>
         <load_address>0x5a50</load_address>
         <run_address>0x5a50</run_address>
         <size>0x10e</size>
         <input_file_ref idref="fl-6"/>
      </object_component>
      <object_component id="oc-407">
         <name>.debug_info</name>
         <load_address>0x5b5e</load_address>
         <run_address>0x5b5e</run_address>
         <size>0x110</size>
         <input_file_ref idref="fl-6"/>
      </object_component>
      <object_component id="oc-40a">
         <name>.debug_info</name>
         <load_address>0x5c6e</load_address>
         <run_address>0x5c6e</run_address>
         <size>0x102</size>
         <input_file_ref idref="fl-6"/>
      </object_component>
      <object_component id="oc-2ca">
         <name>.debug_info</name>
[...]
         <value>0x4a73</value>
         <object_component_ref idref="oc-605"/>
      </symbol>
      <symbol id="sm-b0e">
         <name>USBLPMIntStatus</name>
         <value>0x4c29</value>
         <object_component_ref idref="oc-1f1"/>
      </symbol>
      <symbol id="sm-b0f">
         <name>USBDMAChannelAddressSet</name>
         <value>0x4a57</value>
         <object_component_ref idref="oc-5ff"/>
      </symbol>
      <symbol id="sm-b10">
         <name>USBULPIDisable</name>
         <value>0x4b41</value>
         <object_component_ref idref="oc-38c"/>
      </symbol>
      <symbol id="sm-b11">
         <name>USBDMAChannelConfigSet</name>
         <value>0x45ed</value>
         <object_component_ref idref="oc-617"/>
      </symbol>
      <symbol id="sm-b12">
         <name>USBULPIRegRead</name>
         <value>0x43ed</value>
         <object_component_ref idref="oc-490"/>
      </symbol>
      <symbol id="sm-b13">
         <name>USBULPIEnable</name>
         <value>0x4b59</value>
         <object_component_ref idref="oc-380"/>
      </symbol>
      <symbol id="sm-b14">
         <name>USBDMAChannelStatus</name>
         <value>0x4a8f</value>
         <object_component_ref idref="oc-5ee"/>
      </symbol>
      <symbol id="sm-b15">
         <name>USBULPIRegWrite</name>
         <value>0x4211</value>
         <object_component_ref idref="oc-496"/>
      </symbol>
      <symbol id="sm-b16">
         <name>USBDMAChannelIntEnable</name>
         <value>0x4985</value>
         <object_component_ref idref="oc-5de"/>
      </symbol>
      <symbol id="sm-b17">
         <name>USBDevLPMConfig</name>
         <value>0x4b71</value>
         <object_component_ref idref="oc-392"/>
      </symbol>
      <symbol id="sm-b18">
         <name>USBDevLPMEnable</name>
         <value>0x4b29</value>
         <object_component_ref idref="oc-1f7"/>
      </symbol>
      <symbol id="sm-b19">
         <name>USBFIFOConfigSet</name>
         <value>0x3921</value>
         <object_component_ref idref="oc-6ba"/>
      </symbol>
      <symbol id="sm-b1a">
         <name>USBDevLPMDisable</name>
         <value>0x4b11</value>
         <object_component_ref idref="oc-39e"/>
      </symbol>
      <symbol id="sm-b1b">
         <name>USBEndpointPacketCountSet</name>
         <value>0x49a5</value>
         <object_component_ref idref="oc-60b"/>
      </symbol>
      <symbol id="sm-b1c">
         <name>USBDMAChannelIntDisable</name>
         <value>0x4965</value>
         <object_component_ref idref="oc-5d1"/>
      </symbol>
      <symbol id="sm-b1d">
         <name>USBEndpointDMAConfigSet</name>
         <value>0x2fa1</value>
         <object_component_ref idref="oc-611"/>
      </symbol>
      <symbol id="sm-b1e">
         <name>USBDevEndpointConfigSet</name>
         <value>0x2145</value>
         <object_component_ref idref="oc-6ae"/>
      </symbol>
      <symbol id="sm-b1f">
         <name>USBDMAChannelDisable</name>
         <value>0x4925</value>
         <object_component_ref idref="oc-5ca"/>
      </symbol>
      <symbol id="sm-b20">
         <name>USBDMAChannelEnable</name>
         <value>0x4945</value>
         <object_component_ref idref="oc-5e4"/>
      </symbol>
      <symbol id="sm-b32">
         <name>CPUcpsie</name>
         <value>0x4c7d</value>
         <object_component_ref idref="oc-692"/>
      </symbol>
      <symbol id="sm-b33">
         <name>CPUcpsid</name>
         <value>0x4c71</value>
         <object_component_ref idref="oc-68b"/>
      </symbol>
      <symbol id="sm-b4b">
         <name>__TI_zero_init</name>
         <value>0x4ca1</value>
         <object_component_ref idref="oc-5f"/>
      </symbol>
      <symbol id="sm-b62">
         <name>__TI_decompress_none</name>
         <value>0x4c39</value>
         <object_component_ref idref="oc-1b"/>
      </symbol>
      <symbol id="sm-b85">
         <name>__TI_decompress_lzss</name>
         <value>0x38b9</value>
         <object_component_ref idref="oc-15"/>
      </symbol>
      <symbol id="sm-b98">
         <name>__stack</name>
         <value>0x2000fc08</value>
         <object_component_ref idref="oc-24"/>
      </symbol>
      <symbol id="sm-b99">
         <name>_c_int00_noargs</name>
         <value>0x4491</value>
         <object_component_ref idref="oc-6b"/>
      </symbol>
      <symbol id="sm-ba9">
         <name>__aeabi_memset</name>
         <value>0x34dd</value>
         <object_component_ref idref="oc-b3"/>
      </symbol>
      <symbol id="sm-baa">
         <name>memset</name>
         <value>0x34e3</value>
         <object_component_ref idref="oc-b3"/>
      </symbol>
      <symbol id="sm-bab">
         <name>__aeabi_memset8</name>
         <value>0x34dd</value>
         <object_component_ref idref="oc-b3"/>
      </symbol>
      <symbol id="sm-bac">
         <name>__aeabi_memset4</name>
         <value>0x34dd</value>
         <object_component_ref idref="oc-b3"/>
      </symbol>
      <symbol id="sm-bad">
         <name>__aeabi_memclr8</name>
         <value>0x34db</value>
         <object_component_ref idref="oc-b3"/>
      </symbol>
      <symbol id="sm-bae">
         <name>__aeabi_memclr4</name>
         <value>0x34db</value>
         <object_component_ref idref="oc-b3"/>
      </symbol>
      <symbol id="sm-baf">
         <name>__aeabi_memclr</name>
         <value>0x34db</value>
         <object_component_ref idref="oc-b3"/>
      </symbol>
      <symbol id="sm-bca">
         <name>memcpy</name>
         <value>0x2e6d</value>
         <object_component_ref idref="oc-4d"/>
      </symbol>
      <symbol id="sm-bcb">
         <name>__aeabi_memcpy</name>
         <value>0x2e6d</value>
         <object_component_ref idref="oc-4d"/>
      </symbol>
      <symbol id="sm-bcc">
         <name>__aeabi_memcpy8</name>
         <value>0x2e6d</value>
         <object_component_ref idref="oc-4d"/>
      </symbol>
      <symbol id="sm-bcd">
         <name>__aeabi_memcpy4</name>
         <value>0x2e6d</value>
         <object_component_ref idref="oc-4d"/>
      </symbol>
      <symbol id="sm-bf5">
         <name>__TI_auto_init_nobinit_nopinit</name>
         <value>0x4149</value>
         <object_component_ref idref="oc-18b"/>
      </symbol>
      <symbol id="sm-bff">
         <name>_system_pre_init</name>
         <value>0x4cbb</value>
         <object_component_ref idref="oc-b9"/>
      </symbol>
      <symbol id="sm-c0b">
         <name>C$$EXIT</name>
         <value>0x4cbf</value>
         <object_component_ref idref="oc-17f"/>
      </symbol>
      <symbol id="sm-c0c">
         <name>abort</name>
         <value>0x4cbf</value>
         <object_component_ref idref="oc-17f"/>
      </symbol>
      <symbol id="sm-c0f">
         <name>__TI_static_base__</name>
         <value>0x0</value>
      </symbol>
      <symbol id="sm-c12">
         <name>__mpu_init</name>
         <value>0x0</value>
      </symbol>
      <symbol id="sm-c13">
         <name>_system_post_cinit</name>
         <value>0x0</value>
      </symbol>
      <symbol id="sm-c14">
         <name>NMI_Handler</name>
         <value>0xeeb</value>
      </symbol>
      <symbol id="sm-c15">
         <name>HardFault_Handler</name>
         <value>0xeeb</value>
      </symbol>
      <symbol id="sm-c16">
         <name>MemManage_Handler</name>
         <value>0xeeb</value>
      </symbol>
      <symbol id="sm-c17">
         <name>BusFault_Handler</name>
         <value>0xeeb</value>
      </symbol>
      <symbol id="sm-c18">
         <name>UsageFault_Handler</name>
         <value>0xeeb</value>
      </symbol>
      <symbol id="sm-c19">
         <name>SVC_Handler</name>
         <value>0xeeb</value>
      </symbol>
      <symbol id="sm-c1a">
         <name>DebugMon_Handler</name>
         <value>0xeeb</value>
      </symbol>
      <symbol id="sm-c1b">
         <name>PendSV_Handler</name>
         <value>0xeeb</value>
      </symbol>
      <symbol id="sm-c1c">
         <name>SysTick_Handler</name>
         <value>0x4c09</value>
      </symbol>
      <symbol id="sm-c1d">
         <name>GPIOA_IRQHandler</name>
         <value>0xeeb</value>
      </symbol>
      <symbol id="sm-c1e">
         <name>GPIOB_IRQHandler</name>
         <value>0xeeb</value>
      </symbol>
      <symbol id="sm-c1f">
         <name>GPIOC_IRQHandler</name>
         <value>0xeeb</value>
      </symbol>
      <symbol id="sm-c20">
         <name>GPIOD_IRQHandler</name>
         <value>0xeeb</value>
      </symbol>
      <symbol id="sm-c21">
         <name>GPIOE_IRQHandler</name>
         <value>0xeeb</value>
      </symbol>
      <symbol id="sm-c22">
         <name>UART0_IRQHandler</name>
         <value>0xeeb</value>
      </symbol>
      <symbol id="sm-c23">
         <name>UART1_IRQHandler</name>
         <value>0xeeb</value>
      </symbol>
      <symbol id="sm-c24">
         <name>SSI0_IRQHandler</name>
         <value>0xeeb</value>
      </symbol>
      <symbol id="sm-c25">
         <name>I2C0_IRQHandler</name>
         <value>0xeeb</value>
      </symbol>
      <symbol id="sm-c26">
         <name>PWM0_FAULT_IRQHandler</name>
         <value>0xeeb</value>
      </symbol>
      <symbol id="sm-c27">
         <name>PWM0_0_IRQHandler</name>
         <value>0xeeb</value>
      </symbol>
      <symbol id="sm-c28">
         <name>PWM0_1_IRQHandler</name>
         <value>0xeeb</value>
      </symbol>
      <symbol id="sm-c29">
         <name>PWM0_2_IRQHandler</name>
         <value>0xeeb</value>
      </symbol>
      <symbol id="sm-c2a">
         <name>QEI0_IRQHandler</name>
         <value>0xeeb</value>
      </symbol>
      <symbol id="sm-c2b">
         <name>ADC0SS0_IRQHandler</name>
         <value>0xeeb</value>
      </symbol>
      <symbol id="sm-c2c">
         <name>ADC0SS1_IRQHandler</name>
         <value>0xeeb</value>
      </symbol>
      <symbol id="sm-c2d">
         <name>ADC0SS2_IRQHandler</name>
         <value>0xeeb</value>
      </symbol>
      <symbol id="sm-c2e">
         <name>ADC0SS3_IRQHandler</name>
         <value>0xeeb</value>
      </symbol>
      <symbol id="sm-c2f">
         <name>WATCHDOG_IRQHandler</name>
         <value>0xeeb</value>
      </symbol>
      <symbol id="sm-c30">
         <name>TIMER0A_IRQHandler</name>
         <value>0xeeb</value>
      </symbol>
      <symbol id="sm-c31">
         <name>TIMER0B_IRQHandler</name>
         <value>0xeeb</value>
      </symbol>
      <symbol id="sm-c32">
         <name>TIMER1A_IRQHandler</name>
         <value>0xeeb</value>
      </symbol>
      <symbol id="sm-c33">
         <name>TIMER1B_IRQHandler</name>
         <value>0xeeb</value>
      </symbol>
      <symbol id="sm-c34">
         <name>TIMER2A_IRQHandler</name>
         <value>0xeeb</value>
      </symbol>
      <symbol id="sm-c35">
         <name>TIMER2B_IRQHandler</name>
         <value>0xeeb</value>
      </symbol>
      <symbol id="sm-c36">
         <name>COMP0_IRQHandler</name>
         <value>0xeeb</value>
      </symbol>
      <symbol id="sm-c37">
         <name>COMP1_IRQHandler</name>
         <value>0xeeb</value>
      </symbol>
      <symbol id="sm-c38">
         <name>COMP2_IRQHandler</name>
         <value>0xeeb</value>
      </symbol>
      <symbol id="sm-c39">
         <name>SYSCTL_IRQHandler</name>
         <value>0xeeb</value>
      </symbol>
      <symbol id="sm-c3a">
         <name>FLASH_IRQHandler</name>
         <value>0xeeb</value>
      </symbol>
      <symbol id="sm-c3b">
         <name>GPIOF_IRQHandler</name>
         <value>0xeeb</value>
      </symbol>
      <symbol id="sm-c3c">
         <name>GPIOG_IRQHandler</name>
         <value>0xeeb</value>
      </symbol>
      <symbol id="sm-c3d">
         <name>GPIOH_IRQHandler</name>
         <value>0xeeb</value>
      </symbol>
      <symbol id="sm-c3e">
         <name>UART2_IRQHandler</name>
         <value>0xeeb</value>
      </symbol>
      <symbol id="sm-c3f">
         <name>SSI1_IRQHandler</name>
         <value>0xeeb</value>
      </symbol>
      <symbol id="sm-c40">
         <name>TIMER3A_IRQHandler</name>
         <value>0xeeb</value>
      </symbol>
      <symbol id="sm-c41">
         <name>TIMER3B_IRQHandler</name>
         <value>0xeeb</value>
      </symbol>
      <symbol id="sm-c42">
         <name>I2C1_IRQHandler</name>
         <value>0xeeb</value>
      </symbol>
      <symbol id="sm-c43">
         <name>CAN0_IRQHandler</name>
         <value>0xeeb</value>
      </symbol>
      <symbol id="sm-c44">
         <name>CAN1_IRQHandler</name>
         <value>0xeeb</value>
      </symbol>
      <symbol id="sm-c45">
         <name>EMAC0_IRQHandler</name>
         <value>0xeeb</value>
      </symbol>
      <symbol id="sm-c46">
         <name>HIBERNATE_IRQHandler</name>
         <value>0xeeb</value>
      </symbol>
      <symbol id="sm-c47">
         <name>USB0_IRQHandler</name>
         <value>0x4cad</value>
      </symbol>
      <symbol id="sm-c48">
         <name>PWM0_3_IRQHandler</name>
         <value>0xeeb</value>
      </symbol>
      <symbol id="sm-c49">
         <name>UDMA_IRQHandler</name>
         <value>0xeeb</value>
      </symbol>
      <symbol id="sm-c4a">
         <name>UDMAERR_IRQHandler</name>
         <value>0xeeb</value>
      </symbol>
      <symbol id="sm-c4b">
         <name>ADC1SS0_IRQHandler</name>
         <value>0xeeb</value>
      </symbol>
      <symbol id="sm-c4c">
         <name>ADC1SS1_IRQHandler</name>
         <value>0xeeb</value>
      </symbol>
      <symbol id="sm-c4d">
         <name>ADC1SS2_IRQHandler</name>
         <value>0xeeb</value>
      </symbol>
      <symbol id="sm-c4e">
         <name>ADC1SS3_IRQHandler</name>
         <value>0xeeb</value>
      </symbol>
      <symbol id="sm-c4f">
         <name>EPI0_IRQHandler</name>
         <value>0xeeb</value>
      </symbol>
      <symbol id="sm-c50">
         <name>GPIOJ_IRQHandler</name>
         <value>0xeeb</value>
      </symbol>
      <symbol id="sm-c51">
         <name>GPIOK_IRQHandler</name>
         <value>0xeeb</value>
      </symbol>
      <symbol id="sm-c52">
         <name>GPIOL_IRQHandler</name>
         <value>0xeeb</value>
      </symbol>
      <symbol id="sm-c53">
         <name>SSI2_IRQHandler</name>
         <value>0xeeb</value>
      </symbol>
      <symbol id="sm-c54">
         <name>SSI3_IRQHandler</name>
         <value>0xeeb</value>
      </symbol>
      <symbol id="sm-c55">
         <name>UART3_IRQHandler</name>
         <value>0xeeb</value>
      </symbol>
      <symbol id="sm-c56">
         <name>UART4_IRQHandler</name>
         <value>0xeeb</value>
      </symbol>
      <symbol id="sm-c57">
         <name>UART5_IRQHandler</name>
         <value>0xeeb</value>
      </symbol>
      <symbol id="sm-c58">
         <name>UART6_IRQHandler</name>
         <value>0xeeb</value>
      </symbol>
      <symbol id="sm-c59">
         <name>UART7_IRQHandler</name>
         <value>0xeeb</value>
      </symbol>
      <symbol id="sm-c5a">
         <name>I2C2_IRQHandler</name>
         <value>0xeeb</value>
      </symbol>
      <symbol id="sm-c5b">
         <name>I2C3_IRQHandler</name>
         <value>0xeeb</value>
      </symbol>
      <symbol id="sm-c5c">
         <name>TIMER4A_IRQHandler</name>
         <value>0xeeb</value>
      </symbol>
      <symbol id="sm-c5d">
         <name>TIMER4B_IRQHandler</name>
         <value>0xeeb</value>
      </symbol>
      <symbol id="sm-c5e">
         <name>TIMER5A_IRQHandler</name>
         <value>0xeeb</value>
      </symbol>
      <symbol id="sm-c5f">
         <name>TIMER5B_IRQHandler</name>
         <value>0xeeb</value>
      </symbol>
      <symbol id="sm-c60">
         <name>SYSEXC_IRQHandler</name>
         <value>0xeeb</value>
      </symbol>
      <symbol id="sm-c61">
         <name>I2C4_IRQHandler</name>
         <value>0xeeb</value>
      </symbol>
      <symbol id="sm-c62">
         <name>I2C5_IRQHandler</name>
         <value>0xeeb</value>
      </symbol>
      <symbol id="sm-c63">
         <name>GPIOM_IRQHandler</name>
         <value>0xeeb</value>
      </symbol>
      <symbol id="sm-c64">
         <name>GPION_IRQHandler</name>
         <value>0xeeb</value>
      </symbol>
      <symbol id="sm-c65">
         <name>TAMPER0_IRQHandler</name>
         <value>0xeeb</value>
      </symbol>
      <symbol id="sm-c66">
         <name>GPIOP0_IRQHandler</name>
         <value>0xeeb</value>
      </symbol>
      <symbol id="sm-c67">
         <name>GPIOP1_IRQHandler</name>
         <value>0xeeb</value>
      </symbol>
      <symbol id="sm-c68">
         <name>GPIOP2_IRQHandler</name>
         <value>0xeeb</value>
      </symbol>
      <symbol id="sm-c69">
         <name>GPIOP3_IRQHandler</name>
         <value>0xeeb</value>
      </symbol>
      <symbol id="sm-c6a">
         <name>GPIOP4_IRQHandler</name>
         <value>0xeeb</value>
      </symbol>
      <symbol id="sm-c6b">
         <name>GPIOP5_IRQHandler</name>
         <value>0xeeb</value>
      </symbol>
      <symbol id="sm-c6c">
         <name>GPIOP6_IRQHandler</name>
         <value>0xeeb</value>
      </symbol>
      <symbol id="sm-c6d">
         <name>GPIOP7_IRQHandler</name>
         <value>0xeeb</value>
      </symbol>
      <symbol id="sm-c6e">
         <name>GPIOQ0_IRQHandler</name>
         <value>0xeeb</value>
      </symbol>
      <symbol id="sm-c6f">
         <name>GPIOQ1_IRQHandler</name>
         <value>0xeeb</value>
      </symbol>
      <symbol id="sm-c70">
         <name>GPIOQ2_IRQHandler</name>
         <value>0xeeb</value>
      </symbol>
      <symbol id="sm-c71">
         <name>GPIOQ3_IRQHandler</name>
         <value>0xeeb</value>
      </symbol>
      <symbol id="sm-c72">
         <name>GPIOQ4_IRQHandler</name>
         <value>0xeeb</value>
      </symbol>
      <symbol id="sm-c73">
         <name>GPIOQ5_IRQHandler</name>
         <value>0xeeb</value>
      </symbol>
      <symbol id="sm-c74">
         <name>GPIOQ6_IRQHandler</name>
         <value>0xeeb</value>
      </symbol>
      <symbol id="sm-c75">
         <name>GPIOQ7_IRQHandler</name>
         <value>0xeeb</value>
      </symbol>
      <symbol id="sm-c76">
         <name>SHA0_IRQHandler</name>
         <value>0xeeb</value>
      </symbol>
      <symbol id="sm-c77">
         <name>AES0_IRQHandler</name>
         <value>0xeeb</value>
      </symbol>
      <symbol id="sm-c78">
         <name>DES0_IRQHandler</name>
         <value>0xeeb</value>
      </symbol>
      <symbol id="sm-c79">
         <name>TIMER6A_IRQHandler</name>
         <value>0xeeb</value>
      </symbol>
      <symbol id="sm-c7a">
         <name>TIMER6B_IRQHandler</name>
         <value>0xeeb</value>
      </symbol>
      <symbol id="sm-c7b">
         <name>TIMER7A_IRQHandler</name>
         <value>0xeeb</value>
      </symbol>
      <symbol id="sm-c7c">
         <name>TIMER7B_IRQHandler</name>
         <value>0xeeb</value>
      </symbol>
      <symbol id="sm-c7d">
         <name>I2C6_IRQHandler</name>
         <value>0xeeb</value>
      </symbol>
      <symbol id="sm-c7e">
         <name>I2C7_IRQHandler</name>
         <value>0xeeb</value>
      </symbol>
      <symbol id="sm-c7f">
         <name>I2C8_IRQHandler</name>
         <value>0xeeb</value>
      </symbol>
      <symbol id="sm-c80">
         <name>I2C9_IRQHandler</name>
         <value>0xeeb</value>
      </symbol>
   </symbol_table>
   <title>Link successful</title>
</link_info>
