<?xml version="1.0" encoding="ISO-8859-1" ?>
<link_info>
   <banner>TI ARM Linker PC v18.12.1.LTS</banner>
   <copyright>Copyright (c) 1996-2018 Texas Instruments Incorporated</copyright>
   <link_time>0x5cc22b1d</link_time>
   <link_errors>0x0</link_errors>
   <output_file>usbdevbulk_MSP_EXP432E401Y_nortos_ccs.out</output_file>
   <entry_point>
      <name>_c_int00_noargs</name>
      <address>0x3df9</address>
   </entry_point>
   <input_file_list>
      <input_file id="fl-2">
         <path>.\</path>
         <kind>object</kind>
         <file>pinout.obj</file>
         <name>pinout.obj</name>
      </input_file>
      <input_file id="fl-3">
         <path>.\</path>
         <kind>object</kind>
         <file>system_msp432e401y.obj</file>
         <name>system_msp432e401y.obj</name>
      </input_file>
      <input_file id="fl-4">
         <path>.\</path>
         <kind>object</kind>
         <file>uartstdio.obj</file>
         <name>uartstdio.obj</name>
      </input_file>
      <input_file id="fl-5">
         <path>.\</path>
         <kind>object</kind>
         <file>usb_bulk_structs.obj</file>
         <name>usb_bulk_structs.obj</name>
      </input_file>
      <input_file id="fl-6">
         <path>.\</path>
         <kind>object</kind>
         <file>usb_dev_bulk.obj</file>
         <name>usb_dev_bulk.obj</name>
      </input_file>
      <input_file id="fl-7">
         <path>.\ccs\</path>
         <kind>object</kind>
         <file>startup_msp432e401y_ccs.obj</file>
         <name>startup_msp432e401y_ccs.obj</name>
      </input_file>
      <input_file id="fl-12">
         <kind>object</kind>
         <file>&lt;internal&gt;</file>
         <name>&lt;internal&gt;</name>
      </input_file>
      <input_file id="fl-13">
         <path>C:\ti\simplelink_msp432e4_sdk_2_30_00_14\source\ti\usblib\msp432e4\lib\ccs\m4f\</path>
         <kind>archive</kind>
         <file>msp432e4_usblib.a</file>
         <name>usbdbulk.o</name>
      </input_file>
      <input_file id="fl-14">
         <path>C:\ti\simplelink_msp432e4_sdk_2_30_00_14\source\ti\usblib\msp432e4\lib\ccs\m4f\</path>
         <kind>archive</kind>
         <file>msp432e4_usblib.a</file>
         <name>usbdenum.o</name>
      </input_file>
      <input_file id="fl-15">
         <path>C:\ti\simplelink_msp432e4_sdk_2_30_00_14\source\ti\usblib\msp432e4\lib\ccs\m4f\</path>
         <kind>archive</kind>
         <file>msp432e4_usblib.a</file>
         <name>usbdhandler.o</name>
      </input_file>
      <input_file id="fl-16">
         <path>C:\ti\simplelink_msp432e4_sdk_2_30_00_14\source\ti\usblib\msp432e4\lib\ccs\m4f\</path>
         <kind>archive</kind>
         <file>msp432e4_usblib.a</file>
         <name>usbbuffer.o</name>
      </input_file>
      <input_file id="fl-17">
         <path>C:\ti\simplelink_msp432e4_sdk_2_30_00_14\source\ti\usblib\msp432e4\lib\ccs\m4f\</path>
         <kind>archive</kind>
         <file>msp432e4_usblib.a</file>
         <name>usbdma.o</name>
      </input_file>
      <input_file id="fl-18">
         <path>C:\ti\simplelink_msp432e4_sdk_2_30_00_14\source\ti\usblib\msp432e4\lib\ccs\m4f\</path>
         <kind>archive</kind>
         <file>msp432e4_usblib.a</file>
         <name>usbmode.o</name>
      </input_file>
      <input_file id="fl-19">
         <path>C:\ti\simplelink_msp432e4_sdk_2_30_00_14\source\ti\usblib\msp432e4\lib\ccs\m4f\</path>
         <kind>archive</kind>
         <file>msp432e4_usblib.a</file>
         <name>usbringbuf.o</name>
      </input_file>
      <input_file id="fl-1a">
         <path>C:\ti\simplelink_msp432e4_sdk_2_30_00_14\source\ti\usblib\msp432e4\lib\ccs\m4f\</path>
         <kind>archive</kind>
         <file>msp432e4_usblib.a</file>
         <name>usbtick.o</name>
      </input_file>
      <input_file id="fl-1b">
         <path>C:\ti\simplelink_msp432e4_sdk_2_30_00_14\source\ti\usblib\msp432e4\lib\ccs\m4f\</path>
         <kind>archive</kind>
         <file>msp432e4_usblib.a</file>
         <name>usbulpi.o</name>
      </input_file>
      <input_file id="fl-1c">
         <path>C:\ti\simplelink_msp432e4_sdk_2_30_00_14\source\ti\usblib\msp432e4\lib\ccs\m4f\</path>
         <kind>archive</kind>
         <file>msp432e4_usblib.a</file>
         <name>usbdcdesc.o</name>
      </input_file>
      <input_file id="fl-1d">
         <path>C:\ti\simplelink_msp432e4_sdk_2_30_00_14\source\ti\usblib\msp432e4\lib\ccs\m4f\</path>
         <kind>archive</kind>
         <file>msp432e4_usblib.a</file>
         <name>usbdconfig.o</name>
      </input_file>
      <input_file id="fl-1e">
         <path>C:\ti\simplelink_msp432e4_sdk_2_30_00_14\source\ti\usblib\msp432e4\lib\ccs\m4f\</path>
         <kind>archive</kind>
         <file>msp432e4_usblib.a</file>
         <name>usbhostenum.o</name>
      </input_file>
      <input_file id="fl-1f">
         <path>C:\ti\simplelink_msp432e4_sdk_2_30_00_14\source\ti\usblib\msp432e4\lib\ccs\m4f\</path>
         <kind>archive</kind>
         <file>msp432e4_usblib.a</file>
         <name>usbdesc.o</name>
      </input_file>
      <input_file id="fl-20">
         <path>C:\ti\simplelink_msp432e4_sdk_2_30_00_14\source\ti\usblib\msp432e4\lib\ccs\m4f\</path>
         <kind>archive</kind>
         <file>msp432e4_usblib.a</file>
         <name>usbhhub.o</name>
      </input_file>
      <input_file id="fl-21">
         <path>C:\ti\simplelink_msp432e4_sdk_2_30_00_14\source\ti\devices\msp432e4\driverlib\lib\ccs\m4f\</path>
         <kind>archive</kind>
         <file>msp432e4_driverlib.a</file>
         <name>gpio_MSP432E411Y.obj</name>
      </input_file>
      <input_file id="fl-22">
         <path>C:\ti\simplelink_msp432e4_sdk_2_30_00_14\source\ti\devices\msp432e4\driverlib\lib\ccs\m4f\</path>
         <kind>archive</kind>
         <file>msp432e4_driverlib.a</file>
         <name>interrupt_MSP432E411Y.obj</name>
      </input_file>
      <input_file id="fl-23">
         <path>C:\ti\simplelink_msp432e4_sdk_2_30_00_14\source\ti\devices\msp432e4\driverlib\lib\ccs\m4f\</path>
         <kind>archive</kind>
         <file>msp432e4_driverlib.a</file>
         <name>sysctl_MSP432E411Y.obj</name>
      </input_file>
      <input_file id="fl-24">
         <path>C:\ti\simplelink_msp432e4_sdk_2_30_00_14\source\ti\devices\msp432e4\driverlib\lib\ccs\m4f\</path>
         <kind>archive</kind>
         <file>msp432e4_driverlib.a</file>
         <name>usb_MSP432E411Y.obj</name>
      </input_file>
      <input_file id="fl-25">
         <path>C:\ti\simplelink_msp432e4_sdk_2_30_00_14\source\ti\devices\msp432e4\driverlib\lib\ccs\m4f\</path>
         <kind>archive</kind>
         <file>msp432e4_driverlib.a</file>
         <name>cpu_MSP432E411Y.obj</name>
      </input_file>
      <input_file id="fl-db">
         <path>C:\ti\ccs901\ccs\tools\compiler\ti-cgt-arm_18.12.1.LTS\lib\</path>
         <kind>archive</kind>
         <file>rtsv7M4_T_le_v4SPD16_eabi.lib</file>
         <name>u_divt2.asm.obj</name>
      </input_file>
      <input_file id="fl-dc">
         <path>C:\ti\ccs901\ccs\tools\compiler\ti-cgt-arm_18.12.1.LTS\lib\</path>
         <kind>archive</kind>
         <file>rtsv7M4_T_le_v4SPD16_eabi.lib</file>
         <name>copy_zero_init.c.obj</name>
      </input_file>
      <input_file id="fl-dd">
         <path>C:\ti\ccs901\ccs\tools\compiler\ti-cgt-arm_18.12.1.LTS\lib\</path>
         <kind>archive</kind>
         <file>rtsv7M4_T_le_v4SPD16_eabi.lib</file>
         <name>copy_decompress_none.c.obj</name>
      </input_file>
      <input_file id="fl-de">
         <path>C:\ti\ccs901\ccs\tools\compiler\ti-cgt-arm_18.12.1.LTS\lib\</path>
         <kind>archive</kind>
         <file>rtsv7M4_T_le_v4SPD16_eabi.lib</file>
         <name>copy_decompress_lzss.c.obj</name>
      </input_file>
      <input_file id="fl-df">
         <path>C:\ti\ccs901\ccs\tools\compiler\ti-cgt-arm_18.12.1.LTS\lib\</path>
         <kind>archive</kind>
         <file>rtsv7M4_T_le_v4SPD16_eabi.lib</file>
         <name>boot_cortex_m.c.obj</name>
      </input_file>
      <input_file id="fl-e0">
         <path>C:\ti\ccs901\ccs\tools\compiler\ti-cgt-arm_18.12.1.LTS\lib\</path>
         <kind>archive</kind>
         <file>rtsv7M4_T_le_v4SPD16_eabi.lib</file>
         <name>div0.asm.obj</name>
      </input_file>
      <input_file id="fl-e1">
         <path>C:\ti\ccs901\ccs\tools\compiler\ti-cgt-arm_18.12.1.LTS\lib\</path>
         <kind>archive</kind>
         <file>rtsv7M4_T_le_v4SPD16_eabi.lib</file>
         <name>memcpy_t2.asm.obj</name>
      </input_file>
      <input_file id="fl-e2">
         <path>C:\ti\ccs901\ccs\tools\compiler\ti-cgt-arm_18.12.1.LTS\lib\</path>
         <kind>archive</kind>
         <file>rtsv7M4_T_le_v4SPD16_eabi.lib</file>
         <name>memset_t2.asm.obj</name>
      </input_file>
      <input_file id="fl-e3">
         <path>C:\ti\ccs901\ccs\tools\compiler\ti-cgt-arm_18.12.1.LTS\lib\</path>
         <kind>archive</kind>
         <file>rtsv7M4_T_le_v4SPD16_eabi.lib</file>
         <name>autoinit.c.obj</name>
      </input_file>
      <input_file id="fl-e4">
         <path>C:\ti\ccs901\ccs\tools\compiler\ti-cgt-arm_18.12.1.LTS\lib\</path>
         <kind>archive</kind>
         <file>rtsv7M4_T_le_v4SPD16_eabi.lib</file>
         <name>pre_init.c.obj</name>
      </input_file>
      <input_file id="fl-e5">
         <path>C:\ti\ccs901\ccs\tools\compiler\ti-cgt-arm_18.12.1.LTS\lib\</path>
         <kind>archive</kind>
         <file>rtsv7M4_T_le_v4SPD16_eabi.lib</file>
         <name>cpy_tbl.c.obj</name>
      </input_file>
      <input_file id="fl-e6">
         <path>C:\ti\ccs901\ccs\tools\compiler\ti-cgt-arm_18.12.1.LTS\lib\</path>
         <kind>archive</kind>
         <file>rtsv7M4_T_le_v4SPD16_eabi.lib</file>
         <name>exit.c.obj</name>
      </input_file>
      <input_file id="fl-e7">
         <path>C:\ti\ccs901\ccs\tools\compiler\ti-cgt-arm_18.12.1.LTS\lib\</path>
         <kind>archive</kind>
         <file>rtsv7M4_T_le_v4SPD16_eabi.lib</file>
         <name>_lock.c.obj</name>
      </input_file>
      <input_file id="fl-e8">
         <path>C:\ti\ccs901\ccs\tools\compiler\ti-cgt-arm_18.12.1.LTS\lib\</path>
         <kind>archive</kind>
         <file>rtsv7M4_T_le_v4SPD16_eabi.lib</file>
         <name>args_main.c.obj</name>
      </input_file>
   </input_file_list>
   <object_component_list>
      <object_component id="oc-f">
         <name>.intvecs:retain</name>
         <load_address>0x0</load_address>
         <run_address>0x0</run_address>
         <size>0x208</size>
         <input_file_ref idref="fl-7"/>
      </object_component>
      <object_component id="oc-1d6">
         <name>.text:UARTvprintf</name>
         <load_address>0x208</load_address>
         <run_address>0x208</run_address>
         <size>0x30c</size>
         <input_file_ref idref="fl-4"/>
      </object_component>
      <object_component id="oc-f9">
         <name>.text:PinoutSet</name>
         <load_address>0x514</load_address>
         <run_address>0x514</run_address>
         <size>0x270</size>
         <input_file_ref idref="fl-2"/>
      </object_component>
      <object_component id="oc-bc">
         <name>.text:main</name>
         <load_address>0x784</load_address>
         <run_address>0x784</run_address>
         <size>0x244</size>
         <input_file_ref idref="fl-6"/>
      </object_component>
      <object_component id="oc-445">
         <name>.text:iDMAUSBTransfer</name>
         <load_address>0x9c8</load_address>
         <run_address>0x9c8</run_address>
         <size>0x224</size>
         <input_file_ref idref="fl-17"/>
      </object_component>
      <object_component id="oc-297">
         <name>.text:USBDEP0StateTxConfig</name>
         <load_address>0xbec</load_address>
         <run_address>0xbec</run_address>
         <size>0x1fc</size>
         <input_file_ref idref="fl-14"/>
      </object_component>
      <object_component id="oc-545">
         <name>.text:USBDeviceConfig</name>
         <load_address>0xde8</load_address>
         <run_address>0xde8</run_address>
         <size>0x1fc</size>
         <input_file_ref idref="fl-1d"/>
      </object_component>
      <object_component id="oc-201">
         <name>.text:USBDCDInit</name>
         <load_address>0xfe4</load_address>
         <run_address>0xfe4</run_address>
         <size>0x1f8</size>
         <input_file_ref idref="fl-14"/>
      </object_component>
      <object_component id="oc-f8">
         <name>.text:SysCtlClockFreqSet</name>
         <load_address>0x11dc</load_address>
         <run_address>0x11dc</run_address>
         <size>0x1f0</size>
         <input_file_ref idref="fl-23"/>
      </object_component>
      <object_component id="oc-db">
         <name>.text:USBDeviceIntHandlerInternal</name>
         <load_address>0x13cc</load_address>
         <run_address>0x13cc</run_address>
         <size>0x1e8</size>
         <input_file_ref idref="fl-14"/>
      </object_component>
      <object_component id="oc-4b6">
         <name>.text:USBDGetDescriptor</name>
         <load_address>0x15b4</load_address>
         <run_address>0x15b4</run_address>
         <size>0x170</size>
         <input_file_ref idref="fl-14"/>
      </object_component>
      <object_component id="oc-1ae">
         <name>.text:USBDeviceEnumHandler</name>
         <load_address>0x1724</load_address>
         <run_address>0x1724</run_address>
         <size>0x154</size>
         <input_file_ref idref="fl-14"/>
      </object_component>
      <object_component id="oc-30c">
         <name>.text:USBLibDMAInit</name>
         <load_address>0x1878</load_address>
         <run_address>0x1878</run_address>
         <size>0x13c</size>
         <input_file_ref idref="fl-17"/>
      </object_component>
      <object_component id="oc-1c6">
         <name>.text:GPIOPadConfigSet</name>
         <load_address>0x19b4</load_address>
         <run_address>0x19b4</run_address>
         <size>0x130</size>
         <input_file_ref idref="fl-21"/>
      </object_component>
      <object_component id="oc-343">
         <name>.text:HandleRxAvailable</name>
         <load_address>0x1ae4</load_address>
         <run_address>0x1ae4</run_address>
         <size>0x124</size>
         <input_file_ref idref="fl-16"/>
      </object_component>
      <object_component id="oc-328">
         <name>.text:ScheduleNextTransmission</name>
         <load_address>0x1c08</load_address>
         <run_address>0x1c08</run_address>
         <size>0x108</size>
         <input_file_ref idref="fl-16"/>
      </object_component>
      <object_component id="oc-403">
         <name>.text:iDMAUSBChannelAllocate</name>
         <load_address>0x1d10</load_address>
         <run_address>0x1d10</run_address>
         <size>0x100</size>
         <input_file_ref idref="fl-17"/>
      </object_component>
      <object_component id="oc-4a4">
         <name>.text:USBDClearFeature</name>
         <load_address>0x1e10</load_address>
         <run_address>0x1e10</run_address>
         <size>0xf0</size>
         <input_file_ref idref="fl-14"/>
      </object_component>
      <object_component id="oc-4d4">
         <name>.text:USBDSetInterface</name>
         <load_address>0x1f00</load_address>
         <run_address>0x1f00</run_address>
         <size>0xf0</size>
         <input_file_ref idref="fl-14"/>
      </object_component>
      <object_component id="oc-1fb">
         <name>.text:USBDBulkCompositeInit</name>
         <load_address>0x1ff0</load_address>
         <run_address>0x1ff0</run_address>
         <size>0xe8</size>
         <input_file_ref idref="fl-13"/>
      </object_component>
      <object_component id="oc-124">
         <name>.text:TransmitChannel</name>
         <load_address>0x20d8</load_address>
         <run_address>0x20d8</run_address>
         <size>0xe4</size>
         <input_file_ref idref="fl-6"/>
      </object_component>
      <object_component id="oc-4c8">
         <name>.text:USBDSetConfiguration</name>
         <load_address>0x21bc</load_address>
         <run_address>0x21bc</run_address>
         <size>0xd8</size>
         <input_file_ref idref="fl-14"/>
      </object_component>
      <object_component id="oc-559">
         <name>.text:USBDeviceConfigAlternate</name>
         <load_address>0x2294</load_address>
         <run_address>0x2294</run_address>
         <size>0xcc</size>
         <input_file_ref idref="fl-1d"/>
      </object_component>
      <object_component id="oc-112">
         <name>.text:USBDCDFeatureSet</name>
         <load_address>0x2360</load_address>
         <run_address>0x2360</run_address>
         <size>0xc8</size>
         <input_file_ref idref="fl-14"/>
      </object_component>
      <object_component id="oc-291">
         <name>.text:USBDEP0StateTx</name>
         <load_address>0x2428</load_address>
         <run_address>0x2428</run_address>
         <size>0xc4</size>
         <input_file_ref idref="fl-14"/>
      </object_component>
      <object_component id="oc-4aa">
         <name>.text:USBDSetFeature</name>
         <load_address>0x24ec</load_address>
         <run_address>0x24ec</run_address>
         <size>0xc0</size>
         <input_file_ref idref="fl-14"/>
      </object_component>
      <object_component id="oc-3e4">
         <name>.text:HandleDevice</name>
         <load_address>0x25ac</load_address>
         <run_address>0x25ac</run_address>
         <size>0xbe</size>
         <input_file_ref idref="fl-13"/>
      </object_component>
      <object_component id="oc-2a">
         <name>.text:Default_Handler</name>
         <load_address>0x266a</load_address>
         <run_address>0x266a</run_address>
         <size>0x2</size>
         <input_file_ref idref="fl-7"/>
      </object_component>
      <object_component id="oc-245">
         <name>.text:USBDBulkPacketRead</name>
         <load_address>0x266c</load_address>
         <run_address>0x266c</run_address>
         <size>0xbc</size>
         <input_file_ref idref="fl-13"/>
      </object_component>
      <object_component id="oc-49e">
         <name>.text:USBDGetStatus</name>
         <load_address>0x2728</load_address>
         <run_address>0x2728</run_address>
         <size>0xbc</size>
         <input_file_ref idref="fl-14"/>
      </object_component>
      <object_component id="oc-53c">
         <name>.text:USBDStringIndexFromRequest</name>
         <load_address>0x27e4</load_address>
         <run_address>0x27e4</run_address>
         <size>0xb8</size>
         <input_file_ref idref="fl-14"/>
      </object_component>
      <object_component id="oc-4ee">
         <name>.text:ProcessDataFromHost</name>
         <load_address>0x289c</load_address>
         <run_address>0x289c</run_address>
         <size>0xa4</size>
         <input_file_ref idref="fl-13"/>
      </object_component>
      <object_component id="oc-302">
         <name>.text:ULPIConfigSet</name>
         <load_address>0x2940</load_address>
         <run_address>0x2940</run_address>
         <size>0xa2</size>
         <input_file_ref idref="fl-1b"/>
      </object_component>
      <object_component id="oc-3a9">
         <name>.text</name>
         <load_address>0x29e2</load_address>
         <run_address>0x29e2</run_address>
         <size>0x2</size>
         <input_file_ref idref="fl-e0"/>
      </object_component>
      <object_component id="oc-28b">
         <name>.text:USBDReadAndDispatchRequest</name>
         <load_address>0x29e4</load_address>
         <run_address>0x29e4</run_address>
         <size>0xa0</size>
         <input_file_ref idref="fl-14"/>
      </object_component>
      <object_component id="oc-4a">
         <name>.text</name>
         <load_address>0x2a84</load_address>
         <run_address>0x2a84</run_address>
         <size>0x9c</size>
         <input_file_ref idref="fl-e1"/>
      </object_component>
      <object_component id="oc-231">
         <name>.text:USBDBulkPacketWrite</name>
         <load_address>0x2b20</load_address>
         <run_address>0x2b20</run_address>
         <size>0x98</size>
         <input_file_ref idref="fl-13"/>
      </object_component>
      <object_component id="oc-578">
         <name>.text:USBDCDConfigDescGet</name>
         <load_address>0x2bb8</load_address>
         <run_address>0x2bb8</run_address>
         <size>0x8e</size>
         <input_file_ref idref="fl-1c"/>
      </object_component>
      <object_component id="oc-584">
         <name>.text:GetEPDescriptorType</name>
         <load_address>0x2c46</load_address>
         <run_address>0x2c46</run_address>
         <size>0x82</size>
         <input_file_ref idref="fl-1d"/>
      </object_component>
      <object_component id="oc-40f">
         <name>.text:iDMAUSBChannelEnable</name>
         <load_address>0x2cc8</load_address>
         <run_address>0x2cc8</run_address>
         <size>0x7c</size>
         <input_file_ref idref="fl-17"/>
      </object_component>
      <object_component id="oc-254">
         <name>.text:USBBufferEventCallback</name>
         <load_address>0x2d44</load_address>
         <run_address>0x2d44</run_address>
         <size>0x7a</size>
         <input_file_ref idref="fl-16"/>
      </object_component>
      <object_component id="oc-58a">
         <name>.text:USBDevEndpointConfigSet</name>
         <load_address>0x2dbe</load_address>
         <run_address>0x2dbe</run_address>
         <size>0x7a</size>
         <input_file_ref idref="fl-24"/>
      </object_component>
      <object_component id="oc-b0">
         <name>.text</name>
         <load_address>0x2e38</load_address>
         <run_address>0x2e38</run_address>
         <size>0x7a</size>
         <input_file_ref idref="fl-e2"/>
      </object_component>
      <object_component id="oc-ff">
         <name>.text:UARTStdioConfig</name>
         <load_address>0x2eb4</load_address>
         <run_address>0x2eb4</run_address>
         <size>0x74</size>
         <input_file_ref idref="fl-4"/>
      </object_component>
      <object_component id="oc-1a0">
         <name>.text:USBDeviceResumeTickHandler</name>
         <load_address>0x2f28</load_address>
         <run_address>0x2f28</run_address>
         <size>0x74</size>
         <input_file_ref idref="fl-14"/>
      </object_component>
      <object_component id="oc-421">
         <name>.text:iDMAUSBChannelRelease</name>
         <load_address>0x2f9c</load_address>
         <run_address>0x2f9c</run_address>
         <size>0x72</size>
         <input_file_ref idref="fl-17"/>
      </object_component>
      <object_component id="oc-57e">
         <name>.text:USBDCDConfigGetInterfaceEndpoint</name>
         <load_address>0x300e</load_address>
         <run_address>0x300e</run_address>
         <size>0x6e</size>
         <input_file_ref idref="fl-1c"/>
      </object_component>
      <object_component id="oc-23f">
         <name>.text:RxHandler</name>
         <load_address>0x307c</load_address>
         <run_address>0x307c</run_address>
         <size>0x6c</size>
         <input_file_ref idref="fl-6"/>
      </object_component>
      <object_component id="oc-4ce">
         <name>.text:USBDGetInterface</name>
         <load_address>0x30e8</load_address>
         <run_address>0x30e8</run_address>
         <size>0x6c</size>
         <input_file_ref idref="fl-14"/>
      </object_component>
      <object_component id="oc-59b">
         <name>.text:ConfigAlternateInterfaceGet</name>
         <load_address>0x3154</load_address>
         <run_address>0x3154</run_address>
         <size>0x6a</size>
         <input_file_ref idref="fl-1c"/>
      </object_component>
      <object_component id="oc-5af">
         <name>.text:USBDescGet</name>
         <load_address>0x31be</load_address>
         <run_address>0x31be</run_address>
         <size>0x6a</size>
         <input_file_ref idref="fl-1f"/>
      </object_component>
      <object_component id="oc-5b6">
         <name>.text:NextConfigDescGet</name>
         <load_address>0x3228</load_address>
         <run_address>0x3228</run_address>
         <size>0x68</size>
         <input_file_ref idref="fl-1c"/>
      </object_component>
      <object_component id="oc-19a">
         <name>.text:USBDeviceEnumResetHandler</name>
         <load_address>0x3290</load_address>
         <run_address>0x3290</run_address>
         <size>0x68</size>
         <input_file_ref idref="fl-14"/>
      </object_component>
      <object_component id="oc-12">
         <name>.text:decompress:lzss:__TI_decompress_lzss</name>
         <load_address>0x32f8</load_address>
         <run_address>0x32f8</run_address>
         <size>0x68</size>
         <input_file_ref idref="fl-de"/>
      </object_component>
      <object_component id="oc-50d">
         <name>.text:IntIsEnabled</name>
         <load_address>0x3360</load_address>
         <run_address>0x3360</run_address>
         <size>0x64</size>
         <input_file_ref idref="fl-22"/>
      </object_component>
      <object_component id="oc-4f4">
         <name>.text:ProcessDataToHost</name>
         <load_address>0x33c4</load_address>
         <run_address>0x33c4</run_address>
         <size>0x64</size>
         <input_file_ref idref="fl-13"/>
      </object_component>
      <object_component id="oc-11e">
         <name>.text:USBDBulkInit</name>
         <load_address>0x3428</load_address>
         <run_address>0x3428</run_address>
         <size>0x64</size>
         <input_file_ref idref="fl-13"/>
      </object_component>
      <object_component id="oc-2b3">
         <name>.text:UARTwrite</name>
         <load_address>0x348c</load_address>
         <run_address>0x348c</run_address>
         <size>0x5c</size>
         <input_file_ref idref="fl-4"/>
      </object_component>
      <object_component id="oc-2db">
         <name>.text:USBDCDDeviceInfoInit</name>
         <load_address>0x34e8</load_address>
         <run_address>0x34e8</run_address>
         <size>0x5c</size>
         <input_file_ref idref="fl-14"/>
      </object_component>
      <object_component id="oc-594">
         <name>.text:USBDescGetNum</name>
         <load_address>0x3544</load_address>
         <run_address>0x3544</run_address>
         <size>0x5c</size>
         <input_file_ref idref="fl-1f"/>
      </object_component>
      <object_component id="oc-322">
         <name>.text:USBRingBufAdvanceWrite</name>
         <load_address>0x35a0</load_address>
         <run_address>0x35a0</run_address>
         <size>0x5c</size>
         <input_file_ref idref="fl-19"/>
      </object_component>
      <object_component id="oc-42d">
         <name>.text:DMAUSBIntHandler</name>
         <load_address>0x35fc</load_address>
         <run_address>0x35fc</run_address>
         <size>0x5a</size>
         <input_file_ref idref="fl-17"/>
      </object_component>
      <object_component id="oc-2e7">
         <name>.text:InternalUSBRegisterTickHandler</name>
         <load_address>0x3658</load_address>
         <run_address>0x3658</run_address>
         <size>0x58</size>
         <input_file_ref idref="fl-1a"/>
      </object_component>
      <object_component id="oc-111">
         <name>.text:SysCtlVCOGet</name>
         <load_address>0x36b0</load_address>
         <run_address>0x36b0</run_address>
         <size>0x58</size>
         <input_file_ref idref="fl-23"/>
      </object_component>
      <object_component id="oc-427">
         <name>.text:iDMAUSBChannelStatus</name>
         <load_address>0x3708</load_address>
         <run_address>0x3708</run_address>
         <size>0x58</size>
         <input_file_ref idref="fl-17"/>
      </object_component>
      <object_component id="oc-4c2">
         <name>.text:USBDGetConfiguration</name>
         <load_address>0x3760</load_address>
         <run_address>0x3760</run_address>
         <size>0x54</size>
         <input_file_ref idref="fl-14"/>
      </object_component>
      <object_component id="oc-1a6">
         <name>.text:InternalUSBStartOfFrameTick</name>
         <load_address>0x37b4</load_address>
         <run_address>0x37b4</run_address>
         <size>0x50</size>
         <input_file_ref idref="fl-1a"/>
      </object_component>
      <object_component id="oc-54d">
         <name>.text:USBDCDConfigDescGetNum</name>
         <load_address>0x3804</load_address>
         <run_address>0x3804</run_address>
         <size>0x4e</size>
         <input_file_ref idref="fl-1c"/>
      </object_component>
      <object_component id="oc-2f9">
         <name>.text:BulkTickHandler</name>
         <load_address>0x3854</load_address>
         <run_address>0x3854</run_address>
         <size>0x4c</size>
         <input_file_ref idref="fl-13"/>
      </object_component>
      <object_component id="oc-3de">
         <name>.text:HandleEndpoints</name>
         <load_address>0x38a0</load_address>
         <run_address>0x38a0</run_address>
         <size>0x4c</size>
         <input_file_ref idref="fl-13"/>
      </object_component>
      <object_component id="oc-2e1">
         <name>.text:InternalUSBTickInit</name>
         <load_address>0x38ec</load_address>
         <run_address>0x38ec</run_address>
         <size>0x4c</size>
         <input_file_ref idref="fl-1a"/>
      </object_component>
      <object_component id="oc-24b">
         <name>.text:USBDBulkRxPacketAvailable</name>
         <load_address>0x3938</load_address>
         <run_address>0x3938</run_address>
         <size>0x4c</size>
         <input_file_ref idref="fl-13"/>
      </object_component>
      <object_component id="oc-51e">
         <name>.text:USBEndpointDMAConfigSet</name>
         <load_address>0x3984</load_address>
         <run_address>0x3984</run_address>
         <size>0x4c</size>
         <input_file_ref idref="fl-24"/>
      </object_component>
      <object_component id="oc-531">
         <name>.text:UpdateIndexAtomic</name>
         <load_address>0x39d0</load_address>
         <run_address>0x39d0</run_address>
         <size>0x4a</size>
         <input_file_ref idref="fl-19"/>
      </object_component>
      <object_component id="oc-1c2">
         <name>.text:_SysCtlFrequencyGet</name>
         <load_address>0x3a1c</load_address>
         <run_address>0x3a1c</run_address>
         <size>0x48</size>
         <input_file_ref idref="fl-23"/>
      </object_component>
      <object_component id="oc-409">
         <name>.text:iDMAUSBChannelDisable</name>
         <load_address>0x3a64</load_address>
         <run_address>0x3a64</run_address>
         <size>0x48</size>
         <input_file_ref idref="fl-17"/>
      </object_component>
      <object_component id="oc-58b">
         <name>.text:GetEndpointFIFOSize</name>
         <load_address>0x3aac</load_address>
         <run_address>0x3aac</run_address>
         <size>0x44</size>
         <input_file_ref idref="fl-1d"/>
      </object_component>
      <object_component id="oc-118">
         <name>.text:USBStackModeSet</name>
         <load_address>0x3af0</load_address>
         <run_address>0x3af0</run_address>
         <size>0x44</size>
         <input_file_ref idref="fl-18"/>
      </object_component>
      <object_component id="oc-146">
         <name>.text:__TI_auto_init_nobinit_nopinit:__TI_auto_init_nobinit_nopinit</name>
         <load_address>0x3b34</load_address>
         <run_address>0x3b34</run_address>
         <size>0x44</size>
         <input_file_ref idref="fl-e3"/>
      </object_component>
      <object_component id="oc-2b9">
         <name>.text</name>
         <load_address>0x3b78</load_address>
         <run_address>0x3b78</run_address>
         <size>0x40</size>
         <input_file_ref idref="fl-db"/>
      </object_component>
      <object_component id="oc-3c6">
         <name>.text:HandleConfigChange</name>
         <load_address>0x3bb8</load_address>
         <run_address>0x3bb8</run_address>
         <size>0x3e</size>
         <input_file_ref idref="fl-13"/>
      </object_component>
      <object_component id="oc-355">
         <name>.text:HandleRequestBuffer</name>
         <load_address>0x3bf6</load_address>
         <run_address>0x3bf6</run_address>
         <size>0x3c</size>
         <input_file_ref idref="fl-16"/>
      </object_component>
      <object_component id="oc-33b">
         <name>.text:SetDeferredOpFlag</name>
         <load_address>0x3c32</load_address>
         <run_address>0x3c32</run_address>
         <size>0x3c</size>
         <input_file_ref idref="fl-13"/>
      </object_component>
      <object_component id="oc-470">
         <name>.text:USBRingBufContigFree</name>
         <load_address>0x3c6e</load_address>
         <run_address>0x3c6e</run_address>
         <size>0x3c</size>
         <input_file_ref idref="fl-19"/>
      </object_component>
      <object_component id="oc-591">
         <name>.text:USBFIFOConfigSet</name>
         <load_address>0x3caa</load_address>
         <run_address>0x3caa</run_address>
         <size>0x3a</size>
         <input_file_ref idref="fl-24"/>
      </object_component>
      <object_component id="oc-3a1">
         <name>.text:USBDCDConfigDescGetSize</name>
         <load_address>0x3ce4</load_address>
         <run_address>0x3ce4</run_address>
         <size>0x38</size>
         <input_file_ref idref="fl-1c"/>
      </object_component>
      <object_component id="oc-2d5">
         <name>.text:USBDCDFeatureGet</name>
         <load_address>0x3d1c</load_address>
         <run_address>0x3d1c</run_address>
         <size>0x38</size>
         <input_file_ref idref="fl-14"/>
      </object_component>
      <object_component id="oc-4b0">
         <name>.text:USBDSetAddress</name>
         <load_address>0x3d54</load_address>
         <run_address>0x3d54</run_address>
         <size>0x38</size>
         <input_file_ref idref="fl-14"/>
      </object_component>
      <object_component id="oc-553">
         <name>.text:USBDCDConfigGetInterface</name>
         <load_address>0x3d8c</load_address>
         <run_address>0x3d8c</run_address>
         <size>0x36</size>
         <input_file_ref idref="fl-1c"/>
      </object_component>
      <object_component id="oc-46a">
         <name>.text:USBRingBufWrite</name>
         <load_address>0x3dc2</load_address>
         <run_address>0x3dc2</run_address>
         <size>0x36</size>
         <input_file_ref idref="fl-19"/>
      </object_component>
      <object_component id="oc-68">
         <name>.text:_c_int00_noargs:_c_int00_noargs</name>
         <load_address>0x3df8</load_address>
         <run_address>0x3df8</run_address>
         <size>0x34</size>
         <input_file_ref idref="fl-df"/>
      </object_component>
      <object_component id="oc-453">
         <name>.text:USBRingBufUsed</name>
         <load_address>0x3e2c</load_address>
         <run_address>0x3e2c</run_address>
         <size>0x32</size>
         <input_file_ref idref="fl-19"/>
      </object_component>
      <object_component id="oc-3d8">
         <name>.text:HandleDisconnect</name>
         <load_address>0x3e5e</load_address>
         <run_address>0x3e5e</run_address>
         <size>0x30</size>
         <input_file_ref idref="fl-13"/>
      </object_component>
      <object_component id="oc-22b">
         <name>.text:TxHandler</name>
         <load_address>0x3e90</load_address>
         <run_address>0x3e90</run_address>
         <size>0x30</size>
         <input_file_ref idref="fl-6"/>
      </object_component>
      <object_component id="oc-476">
         <name>.text:USBRingBufAdvanceRead</name>
         <load_address>0x3ec0</load_address>
         <run_address>0x3ec0</run_address>
         <size>0x2e</size>
         <input_file_ref idref="fl-19"/>
      </object_component>
      <object_component id="oc-45b">
         <name>.text:USBRingBufContigUsed</name>
         <load_address>0x3eee</load_address>
         <run_address>0x3eee</run_address>
         <size>0x2e</size>
         <input_file_ref idref="fl-19"/>
      </object_component>
      <object_component id="oc-2aa">
         <name>.text:GPIODirModeSet</name>
         <load_address>0x3f1c</load_address>
         <run_address>0x3f1c</run_address>
         <size>0x2c</size>
         <input_file_ref idref="fl-21"/>
      </object_component>
      <object_component id="oc-349">
         <name>.text:HandleDataRemaining</name>
         <load_address>0x3f48</load_address>
         <run_address>0x3f48</run_address>
         <size>0x2c</size>
         <input_file_ref idref="fl-16"/>
      </object_component>
      <object_component id="oc-20f">
         <name>.text:USBBufferInfoGet</name>
         <load_address>0x3f74</load_address>
         <run_address>0x3f74</run_address>
         <size>0x2c</size>
         <input_file_ref idref="fl-16"/>
      </object_component>
      <object_component id="oc-21b">
         <name>.text:intTo3Byte</name>
         <load_address>0x3fa0</load_address>
         <run_address>0x3fa0</run_address>
         <size>0x2a</size>
         <input_file_ref idref="fl-6"/>
      </object_component>
      <object_component id="oc-393">
         <name>.text:USBDCDStallEP0</name>
         <load_address>0x3fcc</load_address>
         <run_address>0x3fcc</run_address>
         <size>0x28</size>
         <input_file_ref idref="fl-14"/>
      </object_component>
      <object_component id="oc-4bc">
         <name>.text:USBDSetDescriptor</name>
         <load_address>0x3ff4</load_address>
         <run_address>0x3ff4</run_address>
         <size>0x28</size>
         <input_file_ref idref="fl-14"/>
      </object_component>
      <object_component id="oc-4da">
         <name>.text:USBDSyncFrame</name>
         <load_address>0x401c</load_address>
         <run_address>0x401c</run_address>
         <size>0x28</size>
         <input_file_ref idref="fl-14"/>
      </object_component>
      <object_component id="oc-529">
         <name>.text:USBRingBufWriteOne</name>
         <load_address>0x4044</load_address>
         <run_address>0x4044</run_address>
         <size>0x26</size>
         <input_file_ref idref="fl-19"/>
      </object_component>
      <object_component id="oc-105">
         <name>.text:UARTprintf</name>
         <load_address>0x406a</load_address>
         <run_address>0x406a</run_address>
         <size>0x24</size>
         <input_file_ref idref="fl-4"/>
      </object_component>
      <object_component id="oc-88">
         <name>.text:USB0_IRQDeviceHandler</name>
         <load_address>0x4090</load_address>
         <run_address>0x4090</run_address>
         <size>0x24</size>
         <input_file_ref idref="fl-15"/>
      </object_component>
      <object_component id="oc-237">
         <name>.text:USBDBulkTxPacketAvailable</name>
         <load_address>0x40b4</load_address>
         <run_address>0x40b4</run_address>
         <size>0x24</size>
         <input_file_ref idref="fl-13"/>
      </object_component>
      <object_component id="oc-1e3">
         <name>.text:USBRingBufInit</name>
         <load_address>0x40d8</load_address>
         <run_address>0x40d8</run_address>
         <size>0x24</size>
         <input_file_ref idref="fl-19"/>
      </object_component>
      <object_component id="oc-7c">
         <name>.text:SystemInit</name>
         <load_address>0x40fc</load_address>
         <run_address>0x40fc</run_address>
         <size>0x20</size>
         <input_file_ref idref="fl-3"/>
      </object_component>
      <object_component id="oc-221">
         <name>.text:USBBufferDataWritten</name>
         <load_address>0x411c</load_address>
         <run_address>0x411c</run_address>
         <size>0x20</size>
         <input_file_ref idref="fl-16"/>
      </object_component>
      <object_component id="oc-462">
         <name>.text:USBRingBufFlush</name>
         <load_address>0x413c</load_address>
         <run_address>0x413c</run_address>
         <size>0x20</size>
         <input_file_ref idref="fl-19"/>
      </object_component>
      <object_component id="oc-1c1">
         <name>.text:_SysCtlMemTimingGet</name>
         <load_address>0x415c</load_address>
         <run_address>0x415c</run_address>
         <size>0x20</size>
         <input_file_ref idref="fl-23"/>
      </object_component>
      <object_component id="oc-10b">
         <name>.text:USBBufferInit</name>
         <load_address>0x417c</load_address>
         <run_address>0x417c</run_address>
         <size>0x1e</size>
         <input_file_ref idref="fl-16"/>
      </object_component>
      <object_component id="oc-3f7">
         <name>.text:USBULPIRegRead</name>
         <load_address>0x419a</load_address>
         <run_address>0x419a</run_address>
         <size>0x1e</size>
         <input_file_ref idref="fl-24"/>
      </object_component>
      <object_component id="oc-3f8">
         <name>.text:USBULPIRegWrite</name>
         <load_address>0x41b8</load_address>
         <run_address>0x41b8</run_address>
         <size>0x1e</size>
         <input_file_ref idref="fl-24"/>
      </object_component>
      <object_component id="oc-3d2">
         <name>.text:HandleResume</name>
         <load_address>0x41d6</load_address>
         <run_address>0x41d6</run_address>
         <size>0x1c</size>
         <input_file_ref idref="fl-13"/>
      </object_component>
      <object_component id="oc-3cc">
         <name>.text:HandleSuspend</name>
         <load_address>0x41f2</load_address>
         <run_address>0x41f2</run_address>
         <size>0x1c</size>
         <input_file_ref idref="fl-13"/>
      </object_component>
      <object_component id="oc-439">
         <name>.text:DMAUSBIntStatusClear</name>
         <load_address>0x420e</load_address>
         <run_address>0x420e</run_address>
         <size>0x1a</size>
         <input_file_ref idref="fl-17"/>
      </object_component>
      <object_component id="oc-34f">
         <name>.text:HandleTxComplete</name>
         <load_address>0x4228</load_address>
         <run_address>0x4228</run_address>
         <size>0x1a</size>
         <input_file_ref idref="fl-16"/>
      </object_component>
      <object_component id="oc-1c7">
         <name>.text:GPIOPinTypeEthernetLED</name>
         <load_address>0x4242</load_address>
         <run_address>0x4242</run_address>
         <size>0x16</size>
         <input_file_ref idref="fl-21"/>
      </object_component>
      <object_component id="oc-31a">
         <name>.text:USBRingBufFree</name>
         <load_address>0x4258</load_address>
         <run_address>0x4258</run_address>
         <size>0x16</size>
         <input_file_ref idref="fl-19"/>
      </object_component>
      <object_component id="oc-5bf">
         <name>.text:_USBIndexWrite</name>
         <load_address>0x426e</load_address>
         <run_address>0x426e</run_address>
         <size>0x14</size>
         <input_file_ref idref="fl-24"/>
      </object_component>
      <object_component id="oc-41b">
         <name>.text:iDMAUSBChannelIntDisable</name>
         <load_address>0x4282</load_address>
         <run_address>0x4282</run_address>
         <size>0x14</size>
         <input_file_ref idref="fl-17"/>
      </object_component>
      <object_component id="oc-415">
         <name>.text:iDMAUSBChannelIntEnable</name>
         <load_address>0x4296</load_address>
         <run_address>0x4296</run_address>
         <size>0x14</size>
         <input_file_ref idref="fl-17"/>
      </object_component>
      <object_component id="oc-334">
         <name>.text:USBBufferFlush</name>
         <load_address>0x42aa</load_address>
         <run_address>0x42aa</run_address>
         <size>0x12</size>
         <input_file_ref idref="fl-16"/>
      </object_component>
      <object_component id="oc-215">
         <name>.text:USBBufferSpaceAvailable</name>
         <load_address>0x42bc</load_address>
         <run_address>0x42bc</run_address>
         <size>0x12</size>
         <input_file_ref idref="fl-16"/>
      </object_component>
      <object_component id="oc-51f">
         <name>.text:USBDMAChannelConfigSet</name>
         <load_address>0x42ce</load_address>
         <run_address>0x42ce</run_address>
         <size>0x12</size>
         <input_file_ref idref="fl-24"/>
      </object_component>
      <object_component id="oc-509">
         <name>.text:USBDMAChannelDisable</name>
         <load_address>0x42e0</load_address>
         <run_address>0x42e0</run_address>
         <size>0x12</size>
         <input_file_ref idref="fl-24"/>
      </object_component>
      <object_component id="oc-50f">
         <name>.text:USBDMAChannelEnable</name>
         <load_address>0x42f2</load_address>
         <run_address>0x42f2</run_address>
         <size>0x12</size>
         <input_file_ref idref="fl-24"/>
      </object_component>
      <object_component id="oc-50b">
         <name>.text:USBDMAChannelIntDisable</name>
         <load_address>0x4304</load_address>
         <run_address>0x4304</run_address>
         <size>0x12</size>
         <input_file_ref idref="fl-24"/>
      </object_component>
      <object_component id="oc-50e">
         <name>.text:USBDMAChannelIntEnable</name>
         <load_address>0x4316</load_address>
         <run_address>0x4316</run_address>
         <size>0x12</size>
         <input_file_ref idref="fl-24"/>
      </object_component>
      <object_component id="oc-526">
         <name>.text:IntMasterDisable</name>
         <load_address>0x4328</load_address>
         <run_address>0x4328</run_address>
         <size>0x10</size>
         <input_file_ref idref="fl-22"/>
      </object_component>
      <object_component id="oc-527">
         <name>.text:IntMasterEnable</name>
         <load_address>0x4338</load_address>
         <run_address>0x4338</run_address>
         <size>0x10</size>
         <input_file_ref idref="fl-22"/>
      </object_component>
      <object_component id="oc-30">
         <name>.text:SysTick_Handler</name>
         <load_address>0x4348</load_address>
         <run_address>0x4348</run_address>
         <size>0x10</size>
         <input_file_ref idref="fl-6"/>
      </object_component>
      <object_component id="oc-514">
         <name>.text:USBDMAChannelStatus</name>
         <load_address>0x4358</load_address>
         <run_address>0x4358</run_address>
         <size>0xe</size>
         <input_file_ref idref="fl-24"/>
      </object_component>
      <object_component id="oc-30b">
         <name>.text:USBDevLPMDisable</name>
         <load_address>0x4366</load_address>
         <run_address>0x4366</run_address>
         <size>0xe</size>
         <input_file_ref idref="fl-24"/>
      </object_component>
      <object_component id="oc-1ad">
         <name>.text:USBDevLPMEnable</name>
         <load_address>0x4374</load_address>
         <run_address>0x4374</run_address>
         <size>0xe</size>
         <input_file_ref idref="fl-24"/>
      </object_component>
      <object_component id="oc-308">
         <name>.text:USBULPIDisable</name>
         <load_address>0x4382</load_address>
         <run_address>0x4382</run_address>
         <size>0xe</size>
         <input_file_ref idref="fl-24"/>
      </object_component>
      <object_component id="oc-301">
         <name>.text:USBULPIEnable</name>
         <load_address>0x4390</load_address>
         <run_address>0x4390</run_address>
         <size>0xe</size>
         <input_file_ref idref="fl-24"/>
      </object_component>
      <object_component id="oc-18">
         <name>.text:decompress:none:__TI_decompress_none</name>
         <load_address>0x439e</load_address>
         <run_address>0x439e</run_address>
         <size>0xe</size>
         <input_file_ref idref="fl-dd"/>
      </object_component>
      <object_component id="oc-3fd">
         <name>.text:iDMAUSBArbSizeSet</name>
         <load_address>0x43ac</load_address>
         <run_address>0x43ac</run_address>
         <size>0xe</size>
         <input_file_ref idref="fl-17"/>
      </object_component>
      <object_component id="oc-433">
         <name>.text:iDMAUSBIntStatus</name>
         <load_address>0x43ba</load_address>
         <run_address>0x43ba</run_address>
         <size>0xe</size>
         <input_file_ref idref="fl-17"/>
      </object_component>
      <object_component id="oc-44b">
         <name>.text:iDMAUSBUnitSizeSet</name>
         <load_address>0x43c8</load_address>
         <run_address>0x43c8</run_address>
         <size>0xe</size>
         <input_file_ref idref="fl-17"/>
      </object_component>
      <object_component id="oc-573">
         <name>.text:CPUcpsid</name>
         <load_address>0x43d6</load_address>
         <run_address>0x43d6</run_address>
         <size>0xc</size>
         <input_file_ref idref="fl-25"/>
      </object_component>
      <object_component id="oc-574">
         <name>.text:CPUcpsie</name>
         <load_address>0x43e2</load_address>
         <run_address>0x43e2</run_address>
         <size>0xc</size>
         <input_file_ref idref="fl-25"/>
      </object_component>
      <object_component id="oc-43f">
         <name>.text:DMAUSBStatus</name>
         <load_address>0x43ee</load_address>
         <run_address>0x43ee</run_address>
         <size>0xc</size>
         <input_file_ref idref="fl-17"/>
      </object_component>
      <object_component id="oc-24">
         <name>.text:Reset_Handler</name>
         <load_address>0x43fa</load_address>
         <run_address>0x43fa</run_address>
         <size>0xc</size>
         <input_file_ref idref="fl-7"/>
      </object_component>
      <object_component id="oc-51d">
         <name>.text:USBEndpointPacketCountSet</name>
         <load_address>0x4406</load_address>
         <run_address>0x4406</run_address>
         <size>0xc</size>
         <input_file_ref idref="fl-24"/>
      </object_component>
      <object_component id="oc-30a">
         <name>.text:USBLPMIntEnable</name>
         <load_address>0x4412</load_address>
         <run_address>0x4412</run_address>
         <size>0xc</size>
         <input_file_ref idref="fl-24"/>
      </object_component>
      <object_component id="oc-5c">
         <name>.text:decompress:ZI:__TI_zero_init</name>
         <load_address>0x441e</load_address>
         <run_address>0x441e</run_address>
         <size>0xc</size>
         <input_file_ref idref="fl-dc"/>
      </object_component>
      <object_component id="oc-300">
         <name>.text:USBClockEnable</name>
         <load_address>0x442a</load_address>
         <run_address>0x442a</run_address>
         <size>0xa</size>
         <input_file_ref idref="fl-24"/>
      </object_component>
      <object_component id="oc-51b">
         <name>.text:USBDMAChannelAddressSet</name>
         <load_address>0x4434</load_address>
         <run_address>0x4434</run_address>
         <size>0xa</size>
         <input_file_ref idref="fl-24"/>
      </object_component>
      <object_component id="oc-51c">
         <name>.text:USBDMAChannelCountSet</name>
         <load_address>0x443e</load_address>
         <run_address>0x443e</run_address>
         <size>0xa</size>
         <input_file_ref idref="fl-24"/>
      </object_component>
      <object_component id="oc-36">
         <name>.text:USB0_IRQHandler</name>
         <load_address>0x4448</load_address>
         <run_address>0x4448</run_address>
         <size>0x8</size>
         <input_file_ref idref="fl-6"/>
      </object_component>
      <object_component id="oc-517">
         <name>.text:USBDMAChannelIntStatus</name>
         <load_address>0x4450</load_address>
         <run_address>0x4450</run_address>
         <size>0x6</size>
         <input_file_ref idref="fl-24"/>
      </object_component>
      <object_component id="oc-309">
         <name>.text:USBDevLPMConfig</name>
         <load_address>0x4456</load_address>
         <run_address>0x4456</run_address>
         <size>0x6</size>
         <input_file_ref idref="fl-24"/>
      </object_component>
      <object_component id="oc-1ac">
         <name>.text:USBLPMIntStatus</name>
         <load_address>0x445c</load_address>
         <run_address>0x445c</run_address>
         <size>0x6</size>
         <input_file_ref idref="fl-24"/>
      </object_component>
      <object_component id="oc-b6">
         <name>.text:_system_pre_init</name>
         <load_address>0x4462</load_address>
         <run_address>0x4462</run_address>
         <size>0x4</size>
         <input_file_ref idref="fl-e4"/>
      </object_component>
      <object_component id="oc-13a">
         <name>.text:abort:abort</name>
         <load_address>0x4466</load_address>
         <run_address>0x4466</run_address>
         <size>0x4</size>
         <input_file_ref idref="fl-e6"/>
      </object_component>
      <object_component id="oc-1c4">
         <name>.const:g_pppui32XTALtoVCO</name>
         <load_address>0x446c</load_address>
         <run_address>0x446c</run_address>
         <size>0x1b0</size>
         <input_file_ref idref="fl-23"/>
      </object_component>
      <object_component id="oc-39c">
         <name>.const:g_psUSBDStdRequests</name>
         <load_address>0x461c</load_address>
         <run_address>0x461c</run_address>
         <size>0x34</size>
         <input_file_ref idref="fl-14"/>
      </object_component>
      <object_component id="oc-36b">
         <name>.const:.string:g_pui8ConfigString</name>
         <load_address>0x4650</load_address>
         <run_address>0x4650</run_address>
         <size>0x30</size>
         <input_file_ref idref="fl-5"/>
      </object_component>
      <object_component id="oc-2f0">
         <name>.const:g_sBulkHandlers</name>
         <load_address>0x4680</load_address>
         <run_address>0x4680</run_address>
         <size>0x30</size>
         <input_file_ref idref="fl-13"/>
      </object_component>
      <object_component id="oc-2a9">
         <name>.const:g_sXTALtoMEMTIM</name>
         <load_address>0x46b0</load_address>
         <run_address>0x46b0</run_address>
         <size>0x30</size>
         <input_file_ref idref="fl-23"/>
      </object_component>
      <object_component id="oc-368">
         <name>.const:.string:g_pui8DataInterfaceString</name>
         <load_address>0x46e0</load_address>
         <run_address>0x46e0</run_address>
         <size>0x28</size>
         <input_file_ref idref="fl-5"/>
      </object_component>
      <object_component id="oc-362">
         <name>.const:.string:g_pui8ProductString</name>
         <load_address>0x4708</load_address>
         <run_address>0x4708</run_address>
         <size>0x28</size>
         <input_file_ref idref="fl-5"/>
      </object_component>
      <object_component id="oc-1c3">
         <name>.const:g_pui32Xtals</name>
         <load_address>0x4730</load_address>
         <run_address>0x4730</run_address>
         <size>0x28</size>
         <input_file_ref idref="fl-23"/>
      </object_component>
      <object_component id="oc-35f">
         <name>.const:.string:g_pui8ManufacturerString</name>
         <load_address>0x4758</load_address>
         <run_address>0x4758</run_address>
         <size>0x24</size>
         <input_file_ref idref="fl-5"/>
      </object_component>
      <object_component id="oc-25a">
         <name>.const:g_ppui8StringDescriptors</name>
         <load_address>0x477c</load_address>
         <run_address>0x477c</run_address>
         <size>0x18</size>
         <input_file_ref idref="fl-5"/>
      </object_component>
      <object_component id="oc-5a5">
         <name>.const:.string:g_pui8BulkInterface</name>
         <load_address>0x4794</load_address>
         <run_address>0x4794</run_address>
         <size>0x17</size>
         <input_file_ref idref="fl-13"/>
      </object_component>
      <object_component id="oc-5aa">
         <name>.const:.string:g_pui8BulkInterfaceHS</name>
         <load_address>0x47ab</load_address>
         <run_address>0x47ab</run_address>
         <size>0x17</size>
         <input_file_ref idref="fl-13"/>
      </object_component>
      <object_component id="oc-572">
         <name>.const:g_pui32EnRegs</name>
         <load_address>0x47c4</load_address>
         <run_address>0x47c4</run_address>
         <size>0x14</size>
         <input_file_ref idref="fl-22"/>
      </object_component>
      <object_component id="oc-365">
         <name>.const:.string:g_pui8SerialNumberString</name>
         <load_address>0x47d8</load_address>
         <run_address>0x47d8</run_address>
         <size>0x12</size>
         <input_file_ref idref="fl-5"/>
      </object_component>
      <object_component id="oc-3af">
         <name>.const:.string</name>
         <load_address>0x47ec</load_address>
         <run_address>0x47ec</run_address>
         <size>0x12</size>
         <input_file_ref idref="fl-4"/>
      </object_component>
      <object_component id="oc-1d2">
         <name>.const:g_ui32UARTBase</name>
         <load_address>0x4800</load_address>
         <run_address>0x4800</run_address>
         <size>0xc</size>
         <input_file_ref idref="fl-4"/>
      </object_component>
      <object_component id="oc-1c9">
         <name>.const:g_ui32UARTPeriph</name>
         <load_address>0x480c</load_address>
         <run_address>0x480c</run_address>
         <size>0xc</size>
         <input_file_ref idref="fl-4"/>
      </object_component>
      <object_component id="oc-1c5">
         <name>.const:g_pui32VCOFrequencies</name>
         <load_address>0x4818</load_address>
         <run_address>0x4818</run_address>
         <size>0x8</size>
         <input_file_ref idref="fl-23"/>
      </object_component>
      <object_component id="oc-3ec">
         <name>.const:g_sBulkConfigHeader</name>
         <load_address>0x4820</load_address>
         <run_address>0x4820</run_address>
         <size>0x8</size>
         <input_file_ref idref="fl-13"/>
      </object_component>
      <object_component id="oc-3f1">
         <name>.const:g_sBulkConfigHeaderHS</name>
         <load_address>0x4828</load_address>
         <run_address>0x4828</run_address>
         <size>0x8</size>
         <input_file_ref idref="fl-13"/>
      </object_component>
      <object_component id="oc-565">
         <name>.const:g_sBulkConfigSection</name>
         <load_address>0x4830</load_address>
         <run_address>0x4830</run_address>
         <size>0x8</size>
         <input_file_ref idref="fl-13"/>
      </object_component>
      <object_component id="oc-568">
         <name>.const:g_sBulkInterfaceSection</name>
         <load_address>0x4838</load_address>
         <run_address>0x4838</run_address>
         <size>0x8</size>
         <input_file_ref idref="fl-13"/>
      </object_component>
      <object_component id="oc-56d">
         <name>.const:g_sBulkInterfaceSectionHS</name>
         <load_address>0x4840</load_address>
         <run_address>0x4840</run_address>
         <size>0x8</size>
         <input_file_ref idref="fl-13"/>
      </object_component>
      <object_component id="oc-35c">
         <name>.const:.string:g_pui8LangDescriptor</name>
         <load_address>0x4848</load_address>
         <run_address>0x4848</run_address>
         <size>0x4</size>
         <input_file_ref idref="fl-5"/>
      </object_component>
      <object_component id="oc-2f3">
         <name>.const:g_ppBulkConfigDescriptors</name>
         <load_address>0x484c</load_address>
         <run_address>0x484c</run_address>
         <size>0x4</size>
         <input_file_ref idref="fl-13"/>
      </object_component>
      <object_component id="oc-2f6">
         <name>.const:g_ppBulkConfigDescriptorsHS</name>
         <load_address>0x4850</load_address>
         <run_address>0x4850</run_address>
         <size>0x4</size>
         <input_file_ref idref="fl-13"/>
      </object_component>
      <object_component id="oc-2be">
         <name>.const</name>
         <load_address>0x4854</load_address>
         <run_address>0x4854</run_address>
         <size>0x4</size>
         <input_file_ref idref="fl-4"/>
      </object_component>
      <object_component id="oc-5fb">
         <name>.cinit..data.load</name>
         <load_address>0x4858</load_address>
         <run_address>0x4858</run_address>
         <size>0x97</size>
      </object_component>
      <object_component id="oc-5f9">
         <name>__TI_handler_table</name>
         <load_address>0x48f0</load_address>
         <run_address>0x48f0</run_address>
         <size>0xc</size>
      </object_component>
      <object_component id="oc-5fc">
         <name>.cinit..bss.load</name>
         <load_address>0x4900</load_address>
         <run_address>0x4900</run_address>
         <size>0x8</size>
      </object_component>
      <object_component id="oc-5fa">
         <name>__TI_cinit_table</name>
         <load_address>0x4908</load_address>
         <run_address>0x4908</run_address>
         <size>0x10</size>
      </object_component>
      <object_component id="oc-ce">
         <name>.data</name>
         <load_address>0x20013d88</load_address>
         <run_address>0x20013d88</run_address>
         <size>0x4</size>
         <input_file_ref idref="fl-3"/>
      </object_component>
      <object_component id="oc-1cc">
         <name>.data</name>
         <load_address>0x20013d80</load_address>
         <run_address>0x20013d80</run_address>
         <size>0x5</size>
         <input_file_ref idref="fl-4"/>
      </object_component>
      <object_component id="oc-130">
         <name>.data:g_sBulkDevice</name>
         <load_address>0x20013c68</load_address>
         <run_address>0x20013c68</run_address>
         <size>0x44</size>
         <input_file_ref idref="fl-5"/>
      </object_component>
      <object_component id="oc-12d">
         <name>.data:g_sRxBuffer</name>
         <load_address>0x20013cac</load_address>
         <run_address>0x20013cac</run_address>
         <size>0x38</size>
         <input_file_ref idref="fl-5"/>
      </object_component>
      <object_component id="oc-12a">
         <name>.data:g_sTxBuffer</name>
         <load_address>0x20013ce4</load_address>
         <run_address>0x20013ce4</run_address>
         <size>0x38</size>
         <input_file_ref idref="fl-5"/>
      </object_component>
      <object_component id="oc-84">
         <name>.data</name>
         <load_address>0x20013d30</load_address>
         <run_address>0x20013d30</run_address>
         <size>0x12</size>
         <input_file_ref idref="fl-6"/>
      </object_component>
      <object_component id="oc-207">
         <name>.data:g_pui8BulkDeviceDescriptor</name>
         <load_address>0x20013d1c</load_address>
         <run_address>0x20013d1c</run_address>
         <size>0x12</size>
         <input_file_ref idref="fl-13"/>
      </object_component>
      <object_component id="oc-20a">
         <name>.data:g_pui8BulkDescriptor</name>
         <load_address>0x20013d50</load_address>
         <run_address>0x20013d50</run_address>
         <size>0x9</size>
         <input_file_ref idref="fl-13"/>
      </object_component>
      <object_component id="oc-4fc">
         <name>.data:g_psBulkSections</name>
         <load_address>0x20013d68</load_address>
         <run_address>0x20013d68</run_address>
         <size>0x8</size>
         <input_file_ref idref="fl-13"/>
      </object_component>
      <object_component id="oc-501">
         <name>.data:g_psBulkSectionsHS</name>
         <load_address>0x20013d70</load_address>
         <run_address>0x20013d70</run_address>
         <size>0x8</size>
         <input_file_ref idref="fl-13"/>
      </object_component>
      <object_component id="oc-2ed">
         <name>.data</name>
         <load_address>0x20013d2e</load_address>
         <run_address>0x20013d2e</run_address>
         <size>0x2</size>
         <input_file_ref idref="fl-13"/>
      </object_component>
      <object_component id="oc-1bb">
         <name>.data</name>
         <load_address>0x20013d78</load_address>
         <run_address>0x20013d78</run_address>
         <size>0x8</size>
         <input_file_ref idref="fl-14"/>
      </object_component>
      <object_component id="oc-1ef">
         <name>.data</name>
         <load_address>0x20013d5c</load_address>
         <run_address>0x20013d5c</run_address>
         <size>0x9</size>
         <input_file_ref idref="fl-18"/>
      </object_component>
      <object_component id="oc-1b8">
         <name>.data</name>
         <load_address>0x20013d44</load_address>
         <run_address>0x20013d44</run_address>
         <size>0xc</size>
         <input_file_ref idref="fl-1a"/>
      </object_component>
      <object_component id="oc-399">
         <name>.bss:g_pui8DataBufferIn</name>
         <uninitialized>true</uninitialized>
         <run_address>0x200139e8</run_address>
         <size>0x40</size>
         <input_file_ref idref="fl-14"/>
      </object_component>
      <object_component id="oc-1eb">
         <name>.bss</name>
         <uninitialized>true</uninitialized>
         <run_address>0x20013a58</run_address>
         <size>0x4</size>
         <input_file_ref idref="fl-14"/>
      </object_component>
      <object_component id="oc-3fa">
         <name>.bss:g_psUSBDMAInst</name>
         <uninitialized>true</uninitialized>
         <run_address>0x20013888</run_address>
         <size>0x110</size>
         <input_file_ref idref="fl-17"/>
      </object_component>
      <object_component id="oc-1f2">
         <name>.bss</name>
         <uninitialized>true</uninitialized>
         <run_address>0x20013a5c</run_address>
         <size>0x4</size>
         <input_file_ref idref="fl-18"/>
      </object_component>
      <object_component id="oc-251">
         <name>.common:g_pui8USBRxBuffer</name>
         <uninitialized>true</uninitialized>
         <run_address>0x20007d00</run_address>
         <size>0x5dc4</size>
      </object_component>
      <object_component id="oc-227">
         <name>.common:g_pui8USBTxBuffer</name>
         <uninitialized>true</uninitialized>
         <run_address>0x2000dac4</run_address>
         <size>0x5dc4</size>
      </object_component>
      <object_component id="oc-133">
         <name>.common:Channels</name>
         <uninitialized>true</uninitialized>
         <run_address>0x20000000</run_address>
         <size>0x7d00</size>
      </object_component>
      <object_component id="oc-1b7">
         <name>.common:g_psDCDInst</name>
         <uninitialized>true</uninitialized>
         <run_address>0x20013998</run_address>
         <size>0x50</size>
      </object_component>
      <object_component id="oc-1b4">
         <name>.common:g_ppsDevInfo</name>
         <uninitialized>true</uninitialized>
         <run_address>0x20013a60</run_address>
         <size>0x4</size>
      </object_component>
      <object_component id="oc-286">
         <name>.common:g_pfnTickHandlers</name>
         <uninitialized>true</uninitialized>
         <run_address>0x20013a28</run_address>
         <size>0x18</size>
      </object_component>
      <object_component id="oc-289">
         <name>.common:g_pvTickInstance</name>
         <uninitialized>true</uninitialized>
         <run_address>0x20013a40</run_address>
         <size>0x18</size>
      </object_component>
      <object_component id="oc-21">
         <name>.stack</name>
         <uninitialized>true</uninitialized>
         <run_address>0x20013a68</run_address>
         <size>0x4</size>
         <input_file_ref idref="fl-df"/>
      </object_component>
      <object_component id="oc-5fd">
         <name>.stack</name>
         <uninitialized>true</uninitialized>
         <run_address>0x20013a68</run_address>
         <size>0x0</size>
      </object_component>
      <object_component id="oc-e7">
         <name>.debug_info</name>
         <load_address>0x0</load_address>
         <run_address>0x0</run_address>
         <size>0x8ab</size>
         <input_file_ref idref="fl-2"/>
      </object_component>
      <object_component id="oc-fb">
         <name>.debug_info</name>
         <load_address>0x8ab</load_address>
         <run_address>0x8ab</run_address>
         <size>0x2b7</size>
         <input_file_ref idref="fl-2"/>
      </object_component>
      <object_component id="oc-91">
         <name>.debug_info</name>
         <load_address>0xb62</load_address>
         <run_address>0xb62</run_address>
         <size>0x26b</size>
         <input_file_ref idref="fl-2"/>
      </object_component>
      <object_component id="oc-18b">
         <name>.debug_info</name>
         <load_address>0xdcd</load_address>
         <run_address>0xdcd</run_address>
         <size>0x1055</size>
         <input_file_ref idref="fl-2"/>
      </object_component>
      <object_component id="oc-195">
         <name>.debug_info</name>
         <load_address>0x1e22</load_address>
         <run_address>0x1e22</run_address>
         <size>0x186</size>
         <input_file_ref idref="fl-2"/>
      </object_component>
      <object_component id="oc-d6">
         <name>.debug_info</name>
         <load_address>0x1fa8</load_address>
         <run_address>0x1fa8</run_address>
         <size>0x8b</size>
         <input_file_ref idref="fl-2"/>
      </object_component>
      <object_component id="oc-e2">
         <name>.debug_info</name>
         <load_address>0x2033</load_address>
         <run_address>0x2033</run_address>
         <size>0x297</size>
         <input_file_ref idref="fl-2"/>
      </object_component>
      <object_component id="oc-135">
         <name>.debug_info</name>
         <load_address>0x22ca</load_address>
         <run_address>0x22ca</run_address>
         <size>0xef</size>
         <input_file_ref idref="fl-2"/>
      </object_component>
      <object_component id="oc-96">
         <name>.debug_info</name>
         <load_address>0x23b9</load_address>
         <run_address>0x23b9</run_address>
         <size>0xbb</size>
         <input_file_ref idref="fl-2"/>
      </object_component>
      <object_component id="oc-190">
         <name>.debug_info</name>
         <load_address>0x2474</load_address>
         <run_address>0x2474</run_address>
         <size>0x35</size>
         <input_file_ref idref="fl-2"/>
      </object_component>
      <object_component id="oc-cf">
         <name>.debug_info</name>
         <load_address>0x24a9</load_address>
         <run_address>0x24a9</run_address>
         <size>0x105</size>
         <input_file_ref idref="fl-3"/>
      </object_component>
      <object_component id="oc-7d">
         <name>.debug_info</name>
         <load_address>0x25ae</load_address>
         <run_address>0x25ae</run_address>
         <size>0x141</size>
         <input_file_ref idref="fl-3"/>
      </object_component>
      <object_component id="oc-45">
         <name>.debug_info</name>
         <load_address>0x26ef</load_address>
         <run_address>0x26ef</run_address>
         <size>0x84</size>
         <input_file_ref idref="fl-3"/>
      </object_component>
      <object_component id="oc-1dd">
         <name>.debug_info</name>
         <load_address>0x2773</load_address>
         <run_address>0x2773</run_address>
         <size>0x7f6</size>
         <input_file_ref idref="fl-4"/>
      </object_component>
      <object_component id="oc-1d0">
         <name>.debug_info</name>
         <load_address>0x2f69</load_address>
         <run_address>0x2f69</run_address>
         <size>0xf1</size>
         <input_file_ref idref="fl-4"/>
      </object_component>
      <object_component id="oc-2bf">
         <name>.debug_info</name>
         <load_address>0x305a</load_address>
         <run_address>0x305a</run_address>
         <size>0xeb</size>
         <input_file_ref idref="fl-4"/>
      </object_component>
      <object_component id="oc-1d3">
         <name>.debug_info</name>
         <load_address>0x3145</load_address>
         <run_address>0x3145</run_address>
         <size>0xf9</size>
         <input_file_ref idref="fl-4"/>
      </object_component>
      <object_component id="oc-1ca">
         <name>.debug_info</name>
         <load_address>0x323e</load_address>
         <run_address>0x323e</run_address>
         <size>0xfd</size>
         <input_file_ref idref="fl-4"/>
      </object_component>
      <object_component id="oc-100">
         <name>.debug_info</name>
         <load_address>0x333b</load_address>
         <run_address>0x333b</run_address>
         <size>0x204</size>
         <input_file_ref idref="fl-4"/>
      </object_component>
      <object_component id="oc-2b6">
         <name>.debug_info</name>
         <load_address>0x353f</load_address>
         <run_address>0x353f</run_address>
         <size>0x1a1</size>
         <input_file_ref idref="fl-4"/>
      </object_component>
      <object_component id="oc-1cd">
         <name>.debug_info</name>
         <load_address>0x36e0</load_address>
         <run_address>0x36e0</run_address>
         <size>0x200</size>
         <input_file_ref idref="fl-4"/>
      </object_component>
      <object_component id="oc-1d8">
         <name>.debug_info</name>
         <load_address>0x38e0</load_address>
         <run_address>0x38e0</run_address>
         <size>0x301</size>
         <input_file_ref idref="fl-4"/>
      </object_component>
      <object_component id="oc-107">
         <name>.debug_info</name>
         <load_address>0x3be1</load_address>
         <run_address>0x3be1</run_address>
         <size>0x16c</size>
         <input_file_ref idref="fl-4"/>
      </object_component>
      <object_component id="oc-1de">
         <name>.debug_info</name>
         <load_address>0x3d4d</load_address>
         <run_address>0x3d4d</run_address>
         <size>0x2c</size>
         <input_file_ref idref="fl-4"/>
      </object_component>
      <object_component id="oc-228">
         <name>.debug_info</name>
         <load_address>0x3d79</load_address>
         <run_address>0x3d79</run_address>
         <size>0xa89</size>
         <input_file_ref idref="fl-5"/>
      </object_component>
      <object_component id="oc-35d">
         <name>.debug_info</name>
         <load_address>0x4802</load_address>
         <run_address>0x4802</run_address>
         <size>0x10d</size>
         <input_file_ref idref="fl-5"/>
      </object_component>
      <object_component id="oc-360">
         <name>.debug_info</name>
         <load_address>0x490f</load_address>
         <run_address>0x490f</run_address>
         <size>0x115</size>
         <input_file_ref idref="fl-5"/>
      </object_component>
      <object_component id="oc-363">
         <name>.debug_info</name>
         <load_address>0x4a24</load_address>
         <run_address>0x4a24</run_address>
         <size>0x10b</size>
         <input_file_ref idref="fl-5"/>
      </object_component>
      <object_component id="oc-366">
         <name>.debug_info</name>
         <load_address>0x4b2f</load_address>
         <run_address>0x4b2f</run_address>
         <size>0x115</size>
         <input_file_ref idref="fl-5"/>
      </object_component>
      <object_component id="oc-369">
         <name>.debug_info</name>
         <load_address>0x4c44</load_address>
         <run_address>0x4c44</run_address>
         <size>0x117</size>
         <input_file_ref idref="fl-5"/>
      </object_component>
      <object_component id="oc-36c">
         <name>.debug_info</name>
         <load_address>0x4d5b</load_address>
         <run_address>0x4d5b</run_address>
         <size>0x109</size>
         <input_file_ref idref="fl-5"/>
      </object_component>
      <object_component id="oc-25b">
         <name>.debug_info</name>
         <load_address>0x4e64</load_address>
         <run_address>0x4e64</run_address>
         <size>0x115</size>
         <input_file_ref idref="fl-5"/>
      </object_component>
      <object_component id="oc-131">
         <name>.debug_info</name>
         <load_address>0x4f79</load_address>
         <run_address>0x4f79</run_address>
         <size>0xff</size>
         <input_file_ref idref="fl-5"/>
      </object_component>
      <object_component id="oc-12e">
         <name>.debug_info</name>
         <load_address>0x5078</load_address>
         <run_address>0x5078</run_address>
         <size>0xfb</size>
         <input_file_ref idref="fl-5"/>
      </object_component>
      <object_component id="oc-12b">
         <name>.debug_info</name>
         <load_address>0x5173</load_address>
         <run_address>0x5173</run_address>
         <size>0xfb</size>
         <input_file_ref idref="fl-5"/>
      </object_component>
      <object_component id="oc-17c">
         <name>.debug_info</name>
         <load_address>0x526e</load_address>
         <run_address>0x526e</run_address>
         <size>0x22c</size>
         <input_file_ref idref="fl-5"/>
      </object_component>
      <object_component id="oc-181">
         <name>.debug_info</name>
         <load_address>0x549a</load_address>
         <run_address>0x549a</run_address>
         <size>0x234</size>
         <input_file_ref idref="fl-5"/>
      </object_component>
      <object_component id="oc-186">
         <name>.debug_info</name>
         <load_address>0x56ce</load_address>
         <run_address>0x56ce</run_address>
         <size>0xa85</size>
         <input_file_ref idref="fl-5"/>
      </object_component>
      <object_component id="oc-27f">
         <name>.debug_info</name>
         <load_address>0x6153</load_address>
         <run_address>0x6153</run_address>
         <size>0xe4</size>
         <input_file_ref idref="fl-5"/>
      </object_component>
      <object_component id="oc-d4">
         <name>.debug_info</name>
         <load_address>0x6237</load_address>
         <run_address>0x6237</run_address>
         <size>0xd8c</size>
         <input_file_ref idref="fl-6"/>
      </object_component>
      <object_component id="oc-85">
         <name>.debug_info</name>
         <load_address>0x6fc3</load_address>
         <run_address>0x6fc3</run_address>
         <size>0x1d7</size>
         <input_file_ref idref="fl-6"/>
      </object_component>
      <object_component id="oc-38">
         <name>.debug_info</name>
         <load_address>0x719a</load_address>
         <run_address>0x719a</run_address>
         <size>0x155</size>
         <input_file_ref idref="fl-6"/>
      </object_component>
      <object_component id="oc-32">
         <name>.debug_info</name>
         <load_address>0x72ef</load_address>
         <run_address>0x72ef</run_address>
         <size>0x139</size>
         <input_file_ref idref="fl-6"/>
      </object_component>
      <object_component id="oc-22d">
         <name>.debug_info</name>
         <load_address>0x7428</load_address>
         <run_address>0x7428</run_address>
         <size>0x218</size>
         <input_file_ref idref="fl-6"/>
      </object_component>
      <object_component id="oc-241">
         <name>.debug_info</name>
         <load_address>0x7640</load_address>
         <run_address>0x7640</run_address>
         <size>0x278</size>
         <input_file_ref idref="fl-6"/>
      </object_component>
      <object_component id="oc-21d">
         <name>.debug_info</name>
         <load_address>0x78b8</load_address>
         <run_address>0x78b8</run_address>
         <size>0x168</size>
         <input_file_ref idref="fl-6"/>
      </object_component>
      <object_component id="oc-125">
         <name>.debug_info</name>
         <load_address>0x7a20</load_address>
         <run_address>0x7a20</run_address>
         <size>0x25d</size>
         <input_file_ref idref="fl-6"/>
      </object_component>
      <object_component id="oc-bd">
         <name>.debug_info</name>
         <load_address>0x7c7d</load_address>
         <run_address>0x7c7d</run_address>
         <size>0x338</size>
         <input_file_ref idref="fl-6"/>
      </object_component>
      <object_component id="oc-3e">
         <name>.debug_info</name>
         <load_address>0x7fb5</load_address>
         <run_address>0x7fb5</run_address>
         <size>0x2e5</size>
         <input_file_ref idref="fl-7"/>
      </object_component>
      <object_component id="oc-10">
         <name>.debug_info</name>
         <load_address>0x829a</load_address>
         <run_address>0x829a</run_address>
         <size>0x110</size>
         <input_file_ref idref="fl-7"/>
      </object_component>
      <object_component id="oc-25">
[...]
      </symbol>
      <symbol id="sm-973">
         <name>USBLPMIntStatus</name>
         <value>0x445d</value>
         <object_component_ref idref="oc-1ac"/>
      </symbol>
      <symbol id="sm-974">
         <name>USBDMAChannelAddressSet</name>
         <value>0x4435</value>
         <object_component_ref idref="oc-51b"/>
      </symbol>
      <symbol id="sm-975">
         <name>USBULPIDisable</name>
         <value>0x4383</value>
         <object_component_ref idref="oc-308"/>
      </symbol>
      <symbol id="sm-976">
         <name>USBDMAChannelConfigSet</name>
         <value>0x42cf</value>
         <object_component_ref idref="oc-51f"/>
      </symbol>
      <symbol id="sm-977">
         <name>USBULPIRegRead</name>
         <value>0x419b</value>
         <object_component_ref idref="oc-3f7"/>
      </symbol>
      <symbol id="sm-978">
         <name>USBULPIEnable</name>
         <value>0x4391</value>
         <object_component_ref idref="oc-301"/>
      </symbol>
      <symbol id="sm-979">
         <name>USBDMAChannelStatus</name>
         <value>0x4359</value>
         <object_component_ref idref="oc-514"/>
      </symbol>
      <symbol id="sm-97a">
         <name>USBULPIRegWrite</name>
         <value>0x41b9</value>
         <object_component_ref idref="oc-3f8"/>
      </symbol>
      <symbol id="sm-97b">
         <name>USBDMAChannelIntEnable</name>
         <value>0x4317</value>
         <object_component_ref idref="oc-50e"/>
      </symbol>
      <symbol id="sm-97c">
         <name>USBDevLPMConfig</name>
         <value>0x4457</value>
         <object_component_ref idref="oc-309"/>
      </symbol>
      <symbol id="sm-97d">
         <name>USBDevLPMEnable</name>
         <value>0x4375</value>
         <object_component_ref idref="oc-1ad"/>
      </symbol>
      <symbol id="sm-97e">
         <name>USBFIFOConfigSet</name>
         <value>0x3cab</value>
         <object_component_ref idref="oc-591"/>
      </symbol>
      <symbol id="sm-97f">
         <name>USBDevLPMDisable</name>
         <value>0x4367</value>
         <object_component_ref idref="oc-30b"/>
      </symbol>
      <symbol id="sm-980">
         <name>USBEndpointPacketCountSet</name>
         <value>0x4407</value>
         <object_component_ref idref="oc-51d"/>
      </symbol>
      <symbol id="sm-981">
         <name>USBDMAChannelIntDisable</name>
         <value>0x4305</value>
         <object_component_ref idref="oc-50b"/>
      </symbol>
      <symbol id="sm-982">
         <name>USBEndpointDMAConfigSet</name>
         <value>0x3985</value>
         <object_component_ref idref="oc-51e"/>
      </symbol>
      <symbol id="sm-983">
         <name>USBDevEndpointConfigSet</name>
         <value>0x2dbf</value>
         <object_component_ref idref="oc-58a"/>
      </symbol>
      <symbol id="sm-984">
         <name>USBDMAChannelDisable</name>
         <value>0x42e1</value>
         <object_component_ref idref="oc-509"/>
      </symbol>
      <symbol id="sm-985">
         <name>USBDMAChannelEnable</name>
         <value>0x42f3</value>
         <object_component_ref idref="oc-50f"/>
      </symbol>
      <symbol id="sm-98b">
         <name>CPUcpsie</name>
         <value>0x43e3</value>
         <object_component_ref idref="oc-574"/>
      </symbol>
      <symbol id="sm-98c">
         <name>CPUcpsid</name>
         <value>0x43d7</value>
         <object_component_ref idref="oc-573"/>
      </symbol>
      <symbol id="sm-99b">
         <name>__aeabi_uidivmod</name>
         <value>0x3b79</value>
         <object_component_ref idref="oc-2b9"/>
      </symbol>
      <symbol id="sm-99c">
         <name>__aeabi_uidiv</name>
         <value>0x3b79</value>
         <object_component_ref idref="oc-2b9"/>
      </symbol>
      <symbol id="sm-9b3">
         <name>__TI_zero_init</name>
         <value>0x441f</value>
         <object_component_ref idref="oc-5c"/>
      </symbol>
      <symbol id="sm-9ca">
         <name>__TI_decompress_none</name>
         <value>0x439f</value>
         <object_component_ref idref="oc-18"/>
      </symbol>
      <symbol id="sm-9ed">
         <name>__TI_decompress_lzss</name>
         <value>0x32f9</value>
         <object_component_ref idref="oc-12"/>
      </symbol>
      <symbol id="sm-a00">
         <name>__stack</name>
         <value>0x20013a68</value>
         <object_component_ref idref="oc-21"/>
      </symbol>
      <symbol id="sm-a01">
         <name>_c_int00_noargs</name>
         <value>0x3df9</value>
         <object_component_ref idref="oc-68"/>
      </symbol>
      <symbol id="sm-a0b">
         <name>__aeabi_idiv0</name>
         <value>0x29e3</value>
         <object_component_ref idref="oc-3a9"/>
      </symbol>
      <symbol id="sm-a0c">
         <name>__aeabi_ldiv0</name>
         <value>0x29e3</value>
         <object_component_ref idref="oc-3a9"/>
      </symbol>
      <symbol id="sm-a27">
         <name>memcpy</name>
         <value>0x2a85</value>
         <object_component_ref idref="oc-4a"/>
      </symbol>
      <symbol id="sm-a28">
         <name>__aeabi_memcpy</name>
         <value>0x2a85</value>
         <object_component_ref idref="oc-4a"/>
      </symbol>
      <symbol id="sm-a29">
         <name>__aeabi_memcpy8</name>
         <value>0x2a85</value>
         <object_component_ref idref="oc-4a"/>
      </symbol>
      <symbol id="sm-a2a">
         <name>__aeabi_memcpy4</name>
         <value>0x2a85</value>
         <object_component_ref idref="oc-4a"/>
      </symbol>
      <symbol id="sm-a39">
         <name>__aeabi_memset</name>
         <value>0x2e3b</value>
         <object_component_ref idref="oc-b0"/>
      </symbol>
      <symbol id="sm-a3a">
         <name>memset</name>
         <value>0x2e41</value>
         <object_component_ref idref="oc-b0"/>
      </symbol>
      <symbol id="sm-a3b">
         <name>__aeabi_memset8</name>
         <value>0x2e3b</value>
         <object_component_ref idref="oc-b0"/>
      </symbol>
      <symbol id="sm-a3c">
         <name>__aeabi_memset4</name>
         <value>0x2e3b</value>
         <object_component_ref idref="oc-b0"/>
      </symbol>
      <symbol id="sm-a3d">
         <name>__aeabi_memclr8</name>
         <value>0x2e39</value>
         <object_component_ref idref="oc-b0"/>
      </symbol>
      <symbol id="sm-a3e">
         <name>__aeabi_memclr4</name>
         <value>0x2e39</value>
         <object_component_ref idref="oc-b0"/>
      </symbol>
      <symbol id="sm-a3f">
         <name>__aeabi_memclr</name>
         <value>0x2e39</value>
         <object_component_ref idref="oc-b0"/>
      </symbol>
      <symbol id="sm-a67">
         <name>__TI_auto_init_nobinit_nopinit</name>
         <value>0x3b35</value>
         <object_component_ref idref="oc-146"/>
      </symbol>
      <symbol id="sm-a71">
         <name>_system_pre_init</name>
         <value>0x4463</value>
         <object_component_ref idref="oc-b6"/>
      </symbol>
      <symbol id="sm-a7d">
         <name>C$$EXIT</name>
         <value>0x4467</value>
         <object_component_ref idref="oc-13a"/>
      </symbol>
      <symbol id="sm-a7e">
         <name>abort</name>
         <value>0x4467</value>
         <object_component_ref idref="oc-13a"/>
      </symbol>
      <symbol id="sm-a81">
         <name>__TI_static_base__</name>
         <value>0x0</value>
      </symbol>
      <symbol id="sm-a84">
         <name>__mpu_init</name>
         <value>0x0</value>
      </symbol>
      <symbol id="sm-a85">
         <name>_system_post_cinit</name>
         <value>0x0</value>
      </symbol>
      <symbol id="sm-a86">
         <name>NMI_Handler</name>
         <value>0x266b</value>
      </symbol>
      <symbol id="sm-a87">
         <name>HardFault_Handler</name>
         <value>0x266b</value>
      </symbol>
      <symbol id="sm-a88">
         <name>MemManage_Handler</name>
         <value>0x266b</value>
      </symbol>
      <symbol id="sm-a89">
         <name>BusFault_Handler</name>
         <value>0x266b</value>
      </symbol>
      <symbol id="sm-a8a">
         <name>UsageFault_Handler</name>
         <value>0x266b</value>
      </symbol>
      <symbol id="sm-a8b">
         <name>SVC_Handler</name>
         <value>0x266b</value>
      </symbol>
      <symbol id="sm-a8c">
         <name>DebugMon_Handler</name>
         <value>0x266b</value>
      </symbol>
      <symbol id="sm-a8d">
         <name>PendSV_Handler</name>
         <value>0x266b</value>
      </symbol>
      <symbol id="sm-a8e">
         <name>SysTick_Handler</name>
         <value>0x4349</value>
      </symbol>
      <symbol id="sm-a8f">
         <name>GPIOA_IRQHandler</name>
         <value>0x266b</value>
      </symbol>
      <symbol id="sm-a90">
         <name>GPIOB_IRQHandler</name>
         <value>0x266b</value>
      </symbol>
      <symbol id="sm-a91">
         <name>GPIOC_IRQHandler</name>
         <value>0x266b</value>
      </symbol>
      <symbol id="sm-a92">
         <name>GPIOD_IRQHandler</name>
         <value>0x266b</value>
      </symbol>
      <symbol id="sm-a93">
         <name>GPIOE_IRQHandler</name>
         <value>0x266b</value>
      </symbol>
      <symbol id="sm-a94">
         <name>UART0_IRQHandler</name>
         <value>0x266b</value>
      </symbol>
      <symbol id="sm-a95">
         <name>UART1_IRQHandler</name>
         <value>0x266b</value>
      </symbol>
      <symbol id="sm-a96">
         <name>SSI0_IRQHandler</name>
         <value>0x266b</value>
      </symbol>
      <symbol id="sm-a97">
         <name>I2C0_IRQHandler</name>
         <value>0x266b</value>
      </symbol>
      <symbol id="sm-a98">
         <name>PWM0_FAULT_IRQHandler</name>
         <value>0x266b</value>
      </symbol>
      <symbol id="sm-a99">
         <name>PWM0_0_IRQHandler</name>
         <value>0x266b</value>
      </symbol>
      <symbol id="sm-a9a">
         <name>PWM0_1_IRQHandler</name>
         <value>0x266b</value>
      </symbol>
      <symbol id="sm-a9b">
         <name>PWM0_2_IRQHandler</name>
         <value>0x266b</value>
      </symbol>
      <symbol id="sm-a9c">
         <name>QEI0_IRQHandler</name>
         <value>0x266b</value>
      </symbol>
      <symbol id="sm-a9d">
         <name>ADC0SS0_IRQHandler</name>
         <value>0x266b</value>
      </symbol>
      <symbol id="sm-a9e">
         <name>ADC0SS1_IRQHandler</name>
         <value>0x266b</value>
      </symbol>
      <symbol id="sm-a9f">
         <name>ADC0SS2_IRQHandler</name>
         <value>0x266b</value>
      </symbol>
      <symbol id="sm-aa0">
         <name>ADC0SS3_IRQHandler</name>
         <value>0x266b</value>
      </symbol>
      <symbol id="sm-aa1">
         <name>WATCHDOG_IRQHandler</name>
         <value>0x266b</value>
      </symbol>
      <symbol id="sm-aa2">
         <name>TIMER0A_IRQHandler</name>
         <value>0x266b</value>
      </symbol>
      <symbol id="sm-aa3">
         <name>TIMER0B_IRQHandler</name>
         <value>0x266b</value>
      </symbol>
      <symbol id="sm-aa4">
         <name>TIMER1A_IRQHandler</name>
         <value>0x266b</value>
      </symbol>
      <symbol id="sm-aa5">
         <name>TIMER1B_IRQHandler</name>
         <value>0x266b</value>
      </symbol>
      <symbol id="sm-aa6">
         <name>TIMER2A_IRQHandler</name>
         <value>0x266b</value>
      </symbol>
      <symbol id="sm-aa7">
         <name>TIMER2B_IRQHandler</name>
         <value>0x266b</value>
      </symbol>
      <symbol id="sm-aa8">
         <name>COMP0_IRQHandler</name>
         <value>0x266b</value>
      </symbol>
      <symbol id="sm-aa9">
         <name>COMP1_IRQHandler</name>
         <value>0x266b</value>
      </symbol>
      <symbol id="sm-aaa">
         <name>COMP2_IRQHandler</name>
         <value>0x266b</value>
      </symbol>
      <symbol id="sm-aab">
         <name>SYSCTL_IRQHandler</name>
         <value>0x266b</value>
      </symbol>
      <symbol id="sm-aac">
         <name>FLASH_IRQHandler</name>
         <value>0x266b</value>
      </symbol>
      <symbol id="sm-aad">
         <name>GPIOF_IRQHandler</name>
         <value>0x266b</value>
      </symbol>
      <symbol id="sm-aae">
         <name>GPIOG_IRQHandler</name>
         <value>0x266b</value>
      </symbol>
      <symbol id="sm-aaf">
         <name>GPIOH_IRQHandler</name>
         <value>0x266b</value>
      </symbol>
      <symbol id="sm-ab0">
         <name>UART2_IRQHandler</name>
         <value>0x266b</value>
      </symbol>
      <symbol id="sm-ab1">
         <name>SSI1_IRQHandler</name>
         <value>0x266b</value>
      </symbol>
      <symbol id="sm-ab2">
         <name>TIMER3A_IRQHandler</name>
         <value>0x266b</value>
      </symbol>
      <symbol id="sm-ab3">
         <name>TIMER3B_IRQHandler</name>
         <value>0x266b</value>
      </symbol>
      <symbol id="sm-ab4">
         <name>I2C1_IRQHandler</name>
         <value>0x266b</value>
      </symbol>
      <symbol id="sm-ab5">
         <name>CAN0_IRQHandler</name>
         <value>0x266b</value>
      </symbol>
      <symbol id="sm-ab6">
         <name>CAN1_IRQHandler</name>
         <value>0x266b</value>
      </symbol>
      <symbol id="sm-ab7">
         <name>EMAC0_IRQHandler</name>
         <value>0x266b</value>
      </symbol>
      <symbol id="sm-ab8">
         <name>HIBERNATE_IRQHandler</name>
         <value>0x266b</value>
      </symbol>
      <symbol id="sm-ab9">
         <name>USB0_IRQHandler</name>
         <value>0x4449</value>
      </symbol>
      <symbol id="sm-aba">
         <name>PWM0_3_IRQHandler</name>
         <value>0x266b</value>
      </symbol>
      <symbol id="sm-abb">
         <name>UDMA_IRQHandler</name>
         <value>0x266b</value>
      </symbol>
      <symbol id="sm-abc">
         <name>UDMAERR_IRQHandler</name>
         <value>0x266b</value>
      </symbol>
      <symbol id="sm-abd">
         <name>ADC1SS0_IRQHandler</name>
         <value>0x266b</value>
      </symbol>
      <symbol id="sm-abe">
         <name>ADC1SS1_IRQHandler</name>
         <value>0x266b</value>
      </symbol>
      <symbol id="sm-abf">
         <name>ADC1SS2_IRQHandler</name>
         <value>0x266b</value>
      </symbol>
      <symbol id="sm-ac0">
         <name>ADC1SS3_IRQHandler</name>
         <value>0x266b</value>
      </symbol>
      <symbol id="sm-ac1">
         <name>EPI0_IRQHandler</name>
         <value>0x266b</value>
      </symbol>
      <symbol id="sm-ac2">
         <name>GPIOJ_IRQHandler</name>
         <value>0x266b</value>
      </symbol>
      <symbol id="sm-ac3">
         <name>GPIOK_IRQHandler</name>
         <value>0x266b</value>
      </symbol>
      <symbol id="sm-ac4">
         <name>GPIOL_IRQHandler</name>
         <value>0x266b</value>
      </symbol>
      <symbol id="sm-ac5">
         <name>SSI2_IRQHandler</name>
         <value>0x266b</value>
      </symbol>
      <symbol id="sm-ac6">
         <name>SSI3_IRQHandler</name>
         <value>0x266b</value>
      </symbol>
      <symbol id="sm-ac7">
         <name>UART3_IRQHandler</name>
         <value>0x266b</value>
      </symbol>
      <symbol id="sm-ac8">
         <name>UART4_IRQHandler</name>
         <value>0x266b</value>
      </symbol>
      <symbol id="sm-ac9">
         <name>UART5_IRQHandler</name>
         <value>0x266b</value>
      </symbol>
      <symbol id="sm-aca">
         <name>UART6_IRQHandler</name>
         <value>0x266b</value>
      </symbol>
      <symbol id="sm-acb">
         <name>UART7_IRQHandler</name>
         <value>0x266b</value>
      </symbol>
      <symbol id="sm-acc">
         <name>I2C2_IRQHandler</name>
         <value>0x266b</value>
      </symbol>
      <symbol id="sm-acd">
         <name>I2C3_IRQHandler</name>
         <value>0x266b</value>
      </symbol>
      <symbol id="sm-ace">
         <name>TIMER4A_IRQHandler</name>
         <value>0x266b</value>
      </symbol>
      <symbol id="sm-acf">
         <name>TIMER4B_IRQHandler</name>
         <value>0x266b</value>
      </symbol>
      <symbol id="sm-ad0">
         <name>TIMER5A_IRQHandler</name>
         <value>0x266b</value>
      </symbol>
      <symbol id="sm-ad1">
         <name>TIMER5B_IRQHandler</name>
         <value>0x266b</value>
      </symbol>
      <symbol id="sm-ad2">
         <name>SYSEXC_IRQHandler</name>
         <value>0x266b</value>
      </symbol>
      <symbol id="sm-ad3">
         <name>I2C4_IRQHandler</name>
         <value>0x266b</value>
      </symbol>
      <symbol id="sm-ad4">
         <name>I2C5_IRQHandler</name>
         <value>0x266b</value>
      </symbol>
      <symbol id="sm-ad5">
         <name>GPIOM_IRQHandler</name>
         <value>0x266b</value>
      </symbol>
      <symbol id="sm-ad6">
         <name>GPION_IRQHandler</name>
         <value>0x266b</value>
      </symbol>
      <symbol id="sm-ad7">
         <name>TAMPER0_IRQHandler</name>
         <value>0x266b</value>
      </symbol>
      <symbol id="sm-ad8">
         <name>GPIOP0_IRQHandler</name>
         <value>0x266b</value>
      </symbol>
      <symbol id="sm-ad9">
         <name>GPIOP1_IRQHandler</name>
         <value>0x266b</value>
      </symbol>
      <symbol id="sm-ada">
         <name>GPIOP2_IRQHandler</name>
         <value>0x266b</value>
      </symbol>
      <symbol id="sm-adb">
         <name>GPIOP3_IRQHandler</name>
         <value>0x266b</value>
      </symbol>
      <symbol id="sm-adc">
         <name>GPIOP4_IRQHandler</name>
         <value>0x266b</value>
      </symbol>
      <symbol id="sm-add">
         <name>GPIOP5_IRQHandler</name>
         <value>0x266b</value>
      </symbol>
      <symbol id="sm-ade">
         <name>GPIOP6_IRQHandler</name>
         <value>0x266b</value>
      </symbol>
      <symbol id="sm-adf">
         <name>GPIOP7_IRQHandler</name>
         <value>0x266b</value>
      </symbol>
      <symbol id="sm-ae0">
         <name>GPIOQ0_IRQHandler</name>
         <value>0x266b</value>
      </symbol>
      <symbol id="sm-ae1">
         <name>GPIOQ1_IRQHandler</name>
         <value>0x266b</value>
      </symbol>
      <symbol id="sm-ae2">
         <name>GPIOQ2_IRQHandler</name>
         <value>0x266b</value>
      </symbol>
      <symbol id="sm-ae3">
         <name>GPIOQ3_IRQHandler</name>
         <value>0x266b</value>
      </symbol>
      <symbol id="sm-ae4">
         <name>GPIOQ4_IRQHandler</name>
         <value>0x266b</value>
      </symbol>
      <symbol id="sm-ae5">
         <name>GPIOQ5_IRQHandler</name>
         <value>0x266b</value>
      </symbol>
      <symbol id="sm-ae6">
         <name>GPIOQ6_IRQHandler</name>
         <value>0x266b</value>
      </symbol>
      <symbol id="sm-ae7">
         <name>GPIOQ7_IRQHandler</name>
         <value>0x266b</value>
      </symbol>
      <symbol id="sm-ae8">
         <name>SHA0_IRQHandler</name>
         <value>0x266b</value>
      </symbol>
      <symbol id="sm-ae9">
         <name>AES0_IRQHandler</name>
         <value>0x266b</value>
      </symbol>
      <symbol id="sm-aea">
         <name>DES0_IRQHandler</name>
         <value>0x266b</value>
      </symbol>
      <symbol id="sm-aeb">
         <name>TIMER6A_IRQHandler</name>
         <value>0x266b</value>
      </symbol>
      <symbol id="sm-aec">
         <name>TIMER6B_IRQHandler</name>
         <value>0x266b</value>
      </symbol>
      <symbol id="sm-aed">
         <name>TIMER7A_IRQHandler</name>
         <value>0x266b</value>
      </symbol>
      <symbol id="sm-aee">
         <name>TIMER7B_IRQHandler</name>
         <value>0x266b</value>
      </symbol>
      <symbol id="sm-aef">
         <name>I2C6_IRQHandler</name>
         <value>0x266b</value>
      </symbol>
      <symbol id="sm-af0">
         <name>I2C7_IRQHandler</name>
         <value>0x266b</value>
      </symbol>
      <symbol id="sm-af1">
         <name>I2C8_IRQHandler</name>
         <value>0x266b</value>
      </symbol>
      <symbol id="sm-af2">
         <name>I2C9_IRQHandler</name>
         <value>0x266b</value>
      </symbol>
   </symbol_table>
   <title>Link successful</title>
</link_info>
